******************************************************************************
                  TI ARM Linker PC v18.12.2                    
******************************************************************************
>> Linked Tue Nov 19 16:00:19 2019

OUTPUT FILE NAME:   <ece3849_lab2_jyhuang_rskirschner.out>
ENTRY POINT SYMBOL: "_c_int00"  address: 00008591


MEMORY CONFIGURATION

         name            origin    length      used     unused   attr    fill
----------------------  --------  ---------  --------  --------  ----  --------
  FLASH                 00000000   00100000  0000d3ca  000f2c36  R  X
  SRAM                  20000000   00040000  0001409e  0002bf62  RW X


SEGMENT ALLOCATION MAP

run origin  load origin   length   init length attrs members
----------  ----------- ---------- ----------- ----- -------
00000000    00000000    0000d3d8   0000d3d8    r-x
  00000000    00000000    0000003c   0000003c    r-- .resetVecs
  00000040    00000040    0000a86a   0000a86a    r-x .text
  0000a8b0    0000a8b0    00002854   00002854    r-- .const
  0000d108    0000d108    000002d0   000002d0    r-- .cinit
20000000    20000000    000140a0   00000000    rw-
  20000000    20000000    00000360   00000000    rw- .vecs
  20000360    20000360    0000b3a6   00000000    rw- .bss
  2000b708    2000b708    00008698   00000000    rw- .data
  20013da0    20013da0    00000300   00000000    rw- .stack


SECTION ALLOCATION MAP

 output                                  attributes/
section   page    origin      length       input sections
--------  ----  ----------  ----------   ----------------
.text      0    00000040    0000a86a     
                  00000040    00000a4e     rtsv7M4_T_le_v4SPD16_eabi.lib : _printfi.c.obj (.text:__TI_printfi)
                  00000a8e    00000002                                   : _lock.c.obj (.text:_nop)
                  00000a90    00000738                                   : k_rem_pio2.c.obj (.text:__kernel_rem_pio2)
                  000011c8    000005dc                                   : s_cos.c.obj (.text:cos)
                  000017a4    000005c4                                   : s_sin.c.obj (.text:sin)
                  00001d68    00000430     sysbios.aem4f : BIOS.obj (.text:ti_sysbios_family_arm_m3_Hwi_excDumpRegs__I)
                  00002198    0000034c     ti.targets.arm.rtsarm.aem4f : System.oem4f (.text:xdc_runtime_System_doPrint__I)
                  000024e4    00000004     rtsv7M4_T_le_v4SPD16_eabi.lib : exit.c.obj (.text:abort:abort)
                  000024e8    000002a4     sysbios.aem4f : BIOS.obj (.text:ti_sysbios_knl_Semaphore_pend__E)
                  0000278c    00000004                   : BIOS.obj (.text:ti_sysbios_family_arm_lm4_Timer_masterEnable__I)
                  00002790    0000028e     kiss_fft.obj (.text:kf_bfly5)
                  00002a1e    00000002     rtsv7M4_T_le_v4SPD16_eabi.lib : div0.asm.obj (.text)
                  00002a20    00000270                                   : _printfi.c.obj (.text:_pconv_a)
                  00002c90    0000026c     sysbios.aem4f : BIOS.obj (.text:ti_sysbios_heaps_HeapMem_free__E)
                  00002efc    00000256     grlib.lib : string.obj (.text:GrFontGlyphRender)
                  00003152    00000006     driverlib.lib : gpio.obj (.text:GPIOPinRead)
                  00003158    00000250     sysbios.aem4f : BIOS.obj (.text:ti_sysbios_heaps_HeapMem_alloc__E)
                  000033a8    00000210     main.obj (.text:Display_Task)
                  000035b8    00000204     Boot.aem4f : Boot_sysctl.oem4f (.text:ti_catalog_arm_cortexm4_tiva_ce_Boot_sysCtlClockFreqSetI__I)
                  000037bc    00000004     ti.targets.arm.rtsarm.aem4f : Error.oem4f (.text:xdc_runtime_Error_getSite__E)
                  000037c0    000001f4     sysbios.aem4f : BIOS.obj (.text:ti_sysbios_family_arm_m3_Hwi_excHandlerMax__I)
                  000039b4    00000004     ti.targets.arm.rtsarm.aem4f : System.oem4f (.text:xdc_runtime_System_aprintf_va__F)
                  000039b8    000001f0     kiss_fft.obj (.text:kf_bfly4)
                  00003ba8    000001d0     rtsv7M4_T_le_v4SPD16_eabi.lib : _printfi.c.obj (.text:_pconv_g)
                  00003d78    000001b6                                   : fd_add_t2.asm.obj (.text)
                  00003f2e    00000002     --HOLE-- [fill = 0]
                  00003f30    000001b4     kiss_fft.obj (.text:kf_bfly3)
                  000040e4    00000174     rtsv7M4_T_le_v4SPD16_eabi.lib : k_sin.c.obj (.text:__kernel_sin)
                  00004258    00000174     sysbios.aem4f : BIOS.obj (.text:ti_sysbios_family_arm_m3_Hwi_excBusFault__I)
                  000043cc    0000016c     rtsv7M4_T_le_v4SPD16_eabi.lib : k_cos.c.obj (.text:__kernel_cos)
                  00004538    00000164     sysbios.aem4f : BIOS.obj (.text:ti_sysbios_family_arm_m3_Hwi_excUsageFault__I)
                  0000469c    0000015c     rtsv7M4_T_le_v4SPD16_eabi.lib : e_log10f.c.obj (.text:log10f)
                  000047f8    00000158                                   : e_sqrt.c.obj (.text:sqrt)
                  00004950    0000014c     main.obj (.text:Processing_Task)
                  00004a9c    00000004     ti.targets.arm.rtsarm.aem4f : System.oem4f (.text:xdc_runtime_System_printf_va__F)
                  00004aa0    00000148     sysbios.aem4f : BIOS.obj (.text:ti_sysbios_family_arm_m3_Hwi_excMemFault__I)
                  00004be8    0000013c     rtsv7M4_T_le_v4SPD16_eabi.lib : _printfi.c.obj (.text:_pconv_e)
                  00004d24    00000004     --HOLE-- [fill = 0]
                  00004d28    0000013c     sysbios.aem4f : BIOS.obj (.text:ti_sysbios_heaps_HeapMem_Instance_init__E)
                  00004e64    00000136     rtsv7M4_T_le_v4SPD16_eabi.lib : fd_div_t2.asm.obj (.text)
                  00004f9a    00000130     driverlib.lib : gpio.obj (.text:GPIOPadConfigSet)
                  000050ca    00000006                   : gpio.obj (.text:GPIOPinWrite)
                  000050d0    00000124     buttons.obj (.text:ButtonInit)
                  000051f4    00000124     rtsv7M4_T_le_v4SPD16_eabi.lib : _printfi.c.obj (.text:fcvt)
                  00005318    00000118     ti.targets.arm.rtsarm.aem4f : Error.oem4f (.text:xdc_runtime_Error_policyDefault__E)
                  00005430    00000110     rtsv7M4_T_le_v4SPD16_eabi.lib : s_scalbn.c.obj (.text:scalbn)
                  00005540    00000108     sysbios.aem4f : BIOS.obj (.text:ti_sysbios_family_arm_lm4_Timer_start__E)
                  00005648    00000106     grlib.lib : line.obj (.text:GrLineDraw)
                  0000574e    00000002     --HOLE-- [fill = 0]
                  00005750    00000100     ti.targets.arm.rtsarm.aem4f : Core-mem.oem4f (.text:xdc_runtime_Core_createObject__I)
                  00005850    000000fc     kiss_fft.obj (.text:kf_bfly_generic)
                  0000594c    000000fc     rtsv7M4_T_le_v4SPD16_eabi.lib : fd_mul_t2.asm.obj (.text)
                  00005a48    000000fc     rtos_pem4f.oem4f (.text:xdc_runtime_System_printfExtend__I)
                  00005b44    000000f8     rtsv7M4_T_le_v4SPD16_eabi.lib : s_floor.c.obj (.text:floor)
                  00005c3c    000000f8     ti.targets.arm.rtsarm.aem4f : Startup.oem4f (.text:xdc_runtime_Startup_startMods__I)
                  00005d34    000000f4     sysbios.aem4f : m3_Hwi_asm.obj (.text:ti_sysbios_family_arm_m3_Hwi_dispatch__I)
                  00005e28    000000ec                   : BIOS.obj (.text:ti_sysbios_knl_Semaphore_post__E)
                  00005f14    00000004     --HOLE-- [fill = 0]
                  00005f18    000000e2     kiss_fft.obj (.text:kf_work)
                  00005ffa    00000006     grlib.lib : string.obj (.text:GrContextFontSet)
                  00006000    000000dc     Crystalfontz128x128_ST7735.obj (.text:Crystalfontz128x128_PixelDrawMultiple)
                  000060dc    00000004     --HOLE-- [fill = 0]
                  000060e0    000000d4     buttons.obj (.text:ButtonISR)
                  000061b4    00000004     --HOLE-- [fill = 0]
                  000061b8    000000d4     buttons.obj (.text:ButtonReadJoystick)
                  0000628c    00000004     --HOLE-- [fill = 0]
                  00006290    000000cc     kiss_fft.obj (.text:kiss_fft_alloc)
                  0000635c    000000cc     ti.targets.arm.rtsarm.aem4f : Core-smem.oem4f (.text:xdc_runtime_Core_constructObject__I)
                  00006428    000000c4     grlib.lib : string.obj (.text:GrDefaultStringRenderer)
                  000064ec    000000c0               : line.obj (.text:GrLineClip)
                  000065ac    00000004     --HOLE-- [fill = 0]
                  000065b0    000000bc     Crystalfontz128x128_ST7735.obj (.text:Crystalfontz128x128_Init)
                  0000666c    00000004     --HOLE-- [fill = 0]
                  00006670    000000bc     sysbios.aem4f : BIOS.obj (.text:ti_sysbios_family_arm_m3_Hwi_excDebugMon__I)
                  0000672c    00000004     --HOLE-- [fill = 0]
                  00006730    000000bc                   : BIOS.obj (.text:ti_sysbios_family_arm_m3_Hwi_excHardFault__I)
                  000067ec    00000004     --HOLE-- [fill = 0]
                  000067f0    000000b4                   : BIOS.obj (.text:ti_sysbios_gates_GateMutex_enter__E)
                  000068a4    00000004     --HOLE-- [fill = 0]
                  000068a8    000000b4                   : BIOS.obj (.text:ti_sysbios_knl_Task_checkStacks__E)
                  0000695c    000000b1     rtsv7M4_T_le_v4SPD16_eabi.lib : _printfi.c.obj (.text:_ltostr)
                  00006a0d    00000003     --HOLE-- [fill = 0]
                  00006a10    000000ac     main.obj (.text:Waveform_Task)
                  00006abc    00000004     --HOLE-- [fill = 0]
                  00006ac0    000000ac     sysbios.aem4f : BIOS.obj (.text:ti_sysbios_family_arm_lm4_Timer_enableTiva__I)
                  00006b6c    00000004     --HOLE-- [fill = 0]
                  00006b70    000000a4     sampling.obj (.text:ADC1_Init)
                  00006c14    000000a0     auto_init.aem4f : auto_init.oem4f (.text)
                  00006cb4    000000a0     ti.targets.arm.rtsarm.aem4f : Text.oem4f (.text:xdc_runtime_Text_putMod__E)
                  00006d54    00000004     --HOLE-- [fill = 0]
                  00006d58    0000009c     Crystalfontz128x128_ST7735.obj (.text:Crystalfontz128x128_SetDrawFrame)
                  00006df4    0000009c     rtsv7M4_T_le_v4SPD16_eabi.lib : memcpy_t2.asm.obj (.text)
                  00006e90    0000009c     sysbios.aem4f : BIOS.obj (.text:ti_sysbios_knl_Semaphore_Instance_init__E)
                  00006f2c    0000009a     ti.targets.arm.rtsarm.aem4f : Text.oem4f (.text:xdc_runtime_Text_putSite__E)
                  00006fc6    00000002     --HOLE-- [fill = 0]
                  00006fc8    00000098     Boot.aem4f : Boot.oem4f (.text:ti_catalog_arm_cortexm4_tiva_ce_Boot_sysCtlClockFreqSet__E)
                  00007060    00000096     rtsv7M4_T_le_v4SPD16_eabi.lib : ull_div_t2.asm.obj (.text)
                  000070f6    00000002     --HOLE-- [fill = 0]
                  000070f8    00000094     sysbios.aem4f : BIOS.obj (.text:ti_sysbios_family_arm_m3_Hwi_initNVIC__E)
                  0000718c    00000004     --HOLE-- [fill = 0]
                  00007190    00000090     main.obj (.text:UI_Task)
                  00007220    0000008c     sysbios.aem4f : m3_TaskSupport_asm.obj (.text:ti_sysbios_family_arm_m3_TaskSupport_buildTaskStack)
                  000072ac    00000004     --HOLE-- [fill = 0]
                  000072b0    0000008c                   : BIOS.obj (.text:ti_sysbios_knl_Task_postInit__I)
                  0000733c    00000004     --HOLE-- [fill = 0]
                  00007340    00000088                   : BIOS.obj (.text:ti_sysbios_knl_Mailbox_post__E)
                  000073c8    00000086     grlib.lib : rectangle.obj (.text:GrRectFill)
                  0000744e    00000086     rtsv7M4_T_le_v4SPD16_eabi.lib : fd_cmp_t2.asm.obj (.text:__aeabi_cdcmple)
                  000074d4    00000086                                   : fd_cmp_t2.asm.obj (.text:__aeabi_cdrcmple)
                  0000755a    00000006     driverlib.lib : sysctl.obj (.text:SysCtlDelay)
                  00007560    00000084     sysbios.aem4f : BIOS.obj (.text:ti_sysbios_family_arm_m3_Hwi_postInit__I)
                  000075e4    00000004     --HOLE-- [fill = 0]
                  000075e8    00000080     Crystalfontz128x128_ST7735.obj (.text:Crystalfontz128x128_RectFill)
                  00007668    00000080     rtsv7M4_T_le_v4SPD16_eabi.lib : s_floorf.c.obj (.text:floorf)
                  000076e8    00000080     sampling.obj (.text:getTriggerIndex)
                  00007768    00000080     kiss_fft.obj (.text:kf_bfly2)
                  000077e8    0000007a     driverlib.lib : adc.obj (.text:ADCSequenceStepConfigure)
                  00007862    0000007a     rtsv7M4_T_le_v4SPD16_eabi.lib : memset_t2.asm.obj (.text)
                  000078dc    00000004     --HOLE-- [fill = 0]
                  000078e0    00000078     HAL_EK_TM4C1294XL_Crystalfontz128x128_ST7735.obj (.text:HAL_LCD_PortInit)
                  00007958    00000078     HAL_EK_TM4C1294XL_Crystalfontz128x128_ST7735.obj (.text:HAL_LCD_SpiInit)
                  000079d0    00000074     sysbios.aem4f : BIOS.obj (.text:ti_sysbios_knl_Mailbox_pend__E)
                  00007a44    00000004     --HOLE-- [fill = 0]
                  00007a48    00000070                   : BIOS.obj (.text:ti_sysbios_knl_Clock_workFunc__E)
                  00007ab8    00000070                   : BIOS.obj (.text:ti_sysbios_knl_Task_exit__E)
                  00007b28    0000006e     rtsv7M4_T_le_v4SPD16_eabi.lib : _printfi.c.obj (.text:_mcpy)
                  00007b96    0000006e                                   : s_roundf.c.obj (.text:roundf)
                  00007c04    0000006e                                   : fd_tos_t2.asm.obj (.text)
                  00007c72    00000002     --HOLE-- [fill = 0]
                  00007c74    0000006d     ti.targets.arm.rtsarm.aem4f : System.oem4f (.text:xdc_runtime_System_formatNum__I)
                  00007ce1    00000001     --HOLE-- [fill = 0]
                  00007ce2    00000006                                 : System.oem4f (.text:xdc_runtime_System_Module_startup__E)
                  00007ce8    0000006c     kiss_fft.obj (.text:kf_factor)
                  00007d54    00000004     --HOLE-- [fill = 0]
                  00007d58    0000006c     sysbios.aem4f : BIOS.obj (.text:ti_sysbios_knl_Swi_restoreHwi__E)
                  00007dc4    0000006c     ti.targets.arm.rtsarm.aem4f : Error.oem4f (.text:xdc_runtime_Error_print__E)
                  00007e30    0000006c                                 : Memory.oem4f (.text:xdc_runtime_Memory_alloc__E)
                  00007e9c    00000068     grlib.lib : context.obj (.text:GrContextInit)
                  00007f04    00000068     driverlib.lib : interrupt.obj (.text:IntEnable)
                  00007f6c    00000068     rtsv7M4_T_le_v4SPD16_eabi.lib : copy_decompress_lzss.c.obj (.text:decompress:lzss:__TI_decompress_lzss)
                  00007fd4    00000004     --HOLE-- [fill = 0]
                  00007fd8    00000068     sysbios.aem4f : BIOS.obj (.text:ti_sysbios_family_arm_lm4_TimestampProvider_initTimerHandle__I)
                  00008040    00000066     ti.targets.arm.rtsarm.aem4f : Core-mem.oem4f (.text:xdc_runtime_Core_deleteObject__I)
                  000080a6    00000002     --HOLE-- [fill = 0]
                  000080a8    00000064     rtsv7M4_T_le_v4SPD16_eabi.lib : s_frexp.c.obj (.text:frexp)
                  0000810c    00000004     --HOLE-- [fill = 0]
                  00008110    00000064     sysbios.aem4f : BIOS.obj (.text:ti_sysbios_family_arm_lm4_Timer_Module_startup__E)
                  00008174    00000004     --HOLE-- [fill = 0]
                  00008178    00000064                   : BIOS.obj (.text:ti_sysbios_family_arm_m3_Hwi_dispatchC__I)
                  000081dc    00000004     --HOLE-- [fill = 0]
                  000081e0    00000060     buttons.obj (.text:ButtonDebounce)
                  00008240    00000060     sysbios.aem4f : BIOS.obj (.text:ti_sysbios_knl_Task_schedule__I)
                  000082a0    0000005c     kiss_fft.obj (.text:kiss_fft_stride)
                  000082fc    00000004     --HOLE-- [fill = 0]
                  00008300    0000005c     sysbios.aem4f : BIOS.obj (.text:ti_sysbios_knl_Swi_run__I)
                  0000835c    00000004     --HOLE-- [fill = 0]
                  00008360    0000005c                   : BIOS.obj (.text:ti_sysbios_knl_Swi_schedule__I)
                  000083bc    00000004     --HOLE-- [fill = 0]
                  000083c0    0000005c                   : BIOS.obj (.text:ti_sysbios_knl_Task_Module_startup__E)
                  0000841c    00000004     --HOLE-- [fill = 0]
                  00008420    0000005c                   : BIOS.obj (.text:ti_sysbios_knl_Task_startCore__E)
                  0000847c    0000005b     ti.targets.arm.rtsarm.aem4f : Text.oem4f (.text:xdc_runtime_Text_putLab__E)
                  000084d7    00000001     --HOLE-- [fill = 0]
                  000084d8    0000005a     grlib.lib : string.obj (.text:FontWideGlyphDataGet)
                  00008532    00000006     --HOLE-- [fill = 0]
                  00008538    00000058     buttons.obj (.text:ButtonAutoRepeat)
                  00008590    00000058     boot.aem4f : boot.oem4f (.text)
                  000085e8    00000058     rtsv7M4_T_le_v4SPD16_eabi.lib : hostwrite.c.obj (.text:HOSTwrite)
                  00008640    00000058     sysbios.aem4f : m3_Hwi_asm_switch.obj (.text:ti_sysbios_family_arm_m3_Hwi_initStacks__E)
                  00008698    00000056     rtsv7M4_T_le_v4SPD16_eabi.lib : _printfi.c.obj (.text:_pconv_f)
                  000086ee    00000054                                   : ltoa.c.obj (.text:ltoa)
                  00008742    00000006     --HOLE-- [fill = 0]
                  00008748    00000054     sysbios.aem4f : BIOS.obj (.text:ti_sysbios_family_arm_lm4_Timer_initDevice__I)
                  0000879c    00000054     ti.targets.arm.rtsarm.aem4f : Assert.oem4f (.text:xdc_runtime_Assert_raise__I)
                  000087f0    00000052     rtsv7M4_T_le_v4SPD16_eabi.lib : _printfi.c.obj (.text:_ecpy)
                  00008842    00000002     --HOLE-- [fill = 0]
                  00008844    00000050     Boot.aem4f : Boot_sysctl.oem4f (.text:_SysCtlFrequencyGet)
                  00008894    00000004     --HOLE-- [fill = 0]
                  00008898    00000050     sysbios.aem4f : BIOS.obj (.text:ti_sysbios_family_arm_m3_Hwi_Module_startup__E)
                  000088e8    00000050     ti.targets.arm.rtsarm.aem4f : Startup.oem4f (.text:xdc_runtime_Startup_exec__E)
                  00008938    00000050                                 : Text.oem4f (.text:xdc_runtime_Text_visitRope2__I)
                  00008988    0000004c     rtsv7M4_T_le_v4SPD16_eabi.lib : atoi.c.obj (.text:atoi)
                  000089d4    0000004c                                   : cpy_tbl.c.obj (.text:copy_in)
                  00008a20    0000004c                                   : snprintf.c.obj (.text:snprintf)
                  00008a6c    00000004     --HOLE-- [fill = 0]
                  00008a70    0000004c     sysbios.aem4f : BIOS.obj (.text:ti_sysbios_heaps_HeapMem_getStats__E)
                  00008abc    00000004     --HOLE-- [fill = 0]
                  00008ac0    0000004c                   : BIOS.obj (.text:ti_sysbios_knl_Swi_runLoop__I)
                  00008b0c    00000004     --HOLE-- [fill = 0]
                  00008b10    0000004c                   : BIOS.obj (.text:ti_sysbios_knl_Task_allBlockedFunction__I)
                  00008b5c    0000004a     grlib.lib : string.obj (.text:UpdateContextCharMapping)
                  00008ba6    00000002     --HOLE-- [fill = 0]
                  00008ba8    00000048     sampling.obj (.text:ADC_ISR)
                  00008bf0    00000048     driverlib.lib : gpio.obj (.text:GPIOPinConfigure)
                  00008c38    00000048     HAL_EK_TM4C1294XL_Crystalfontz128x128_ST7735.obj (.text:HAL_LCD_writeCommand)
                  00008c80    00000048     sysctl_pll.obj (.text:SysCtlFrequencyGet)
                  00008cc8    00000048     rtsv7M4_T_le_v4SPD16_eabi.lib : fd_toi_t2.asm.obj (.text)
                  00008d10    00000048     sysbios.aem4f : BIOS.obj (.text:ti_sysbios_family_arm_lm4_Timer_enableTimers__I)
                  00008d58    00000048                   : BIOS.obj (.text:ti_sysbios_family_arm_m3_Hwi_disableInterrupt__E)
                  00008da0    00000048                   : BIOS.obj (.text:ti_sysbios_family_arm_m3_Hwi_enableInterrupt__E)
                  00008de8    00000048                   : BIOS.obj (.text:ti_sysbios_family_arm_m3_Hwi_excReserved__I)
                  00008e30    00000048                   : BIOS.obj (.text:ti_sysbios_knl_Mailbox_Module_startup__E)
                  00008e78    00000046     grlib.lib : line.obj (.text:GrLineDrawH)
                  00008ebe    00000046               : line.obj (.text:GrLineDrawV)
                  00008f04    00000046     ti.targets.arm.rtsarm.aem4f : Core-params.oem4f (.text:xdc_runtime_Core_assignParams__I)
                  00008f4a    00000006     --HOLE-- [fill = 0]
                  00008f50    00000044     Crystalfontz128x128_ST7735.obj (.text:Crystalfontz128x128_SetOrientation)
                  00008f94    00000004     --HOLE-- [fill = 0]
                  00008f98    00000044     main.obj (.text:main)
                  00008fdc    00000004     --HOLE-- [fill = 0]
                  00008fe0    00000044     sysbios.aem4f : BIOS.obj (.text:ti_sysbios_family_arm_lm4_Timer_isrStub__E)
                  00009024    00000004     --HOLE-- [fill = 0]
                  00009028    00000044                   : BIOS.obj (.text:ti_sysbios_family_arm_m3_Hwi_getStackInfo__E)
                  0000906c    00000004     --HOLE-- [fill = 0]
                  00009070    00000044                   : BIOS.obj (.text:ti_sysbios_knl_Swi_post__E)
                  000090b4    00000044     ti.targets.arm.rtsarm.aem4f : Error.oem4f (.text:xdc_runtime_Error_setX__E)
                  000090f8    00000044                                 : SysMin.oem4f (.text:xdc_runtime_SysMin_flush__E)
                  0000913c    00000044                                 : Text.oem4f (.text:xdc_runtime_Text_xprintf__I)
                  00009180    00000040     Crystalfontz128x128_ST7735.obj (.text:Crystalfontz128x128_LineDrawH)
                  000091c0    00000040     rtsv7M4_T_le_v4SPD16_eabi.lib : u_divt2.asm.obj (.text)
                  00009200    00000040     sysbios.aem4f : BIOS.obj (.text:ti_sysbios_family_arm_lm4_Timer_startup__E)
                  00009240    00000040     sampling.obj (.text:voltageScale)
                  00009280    0000003e     driverlib.lib : adc.obj (.text:ADCSequenceConfigure)
                  000092be    0000003e     rtsv7M4_T_le_v4SPD16_eabi.lib : _printfi.c.obj (.text:_fcpy)
                  000092fc    0000003c     driverlib.lib : ssi.obj (.text:SSIConfigSetExpClk)
                  00009338    0000003c     sysbios.aem4f : BIOS.obj (.text:ti_sysbios_family_arm_m3_Hwi_excSvCall__I)
                  00009374    00000004     --HOLE-- [fill = 0]
                  00009378    0000003c                   : BIOS.obj (.text:ti_sysbios_heaps_HeapMem_init__I)
                  000093b4    00000004     --HOLE-- [fill = 0]
                  000093b8    0000003c                   : BIOS.obj (.text:ti_sysbios_knl_Swi_restore__E)
                  000093f4    0000003a     grlib.lib : string.obj (.text:FontGlyphDataGet)
                  0000942e    00000002     --HOLE-- [fill = 0]
                  00009430    00000038     Crystalfontz128x128_ST7735.obj (.text:Crystalfontz128x128_Flush)
                  00009468    00000038     rtsv7M4_T_le_v4SPD16_eabi.lib : trgmsg.c.obj (.text:__TI_writemsg)
                  000094a0    00000038                                   : fs_tod_t2.asm.obj (.text)
                  000094d8    00000038     sysbios.aem4f : BIOS.obj (.text:ti_sysbios_family_arm_m3_Hwi_excNoIsr__I)
                  00009510    00000038                   : BIOS.obj (.text:ti_sysbios_knl_Task_processVitalTaskFlag__I)
                  00009548    00000038     ti.targets.arm.rtsarm.aem4f : SysMin.oem4f (.text:xdc_runtime_SysMin_putch__E)
                  00009580    00000038                                 : System.oem4f (.text:xdc_runtime_System_atexit__E)
                  000095b8    00000036     grlib.lib : line.obj (.text:GrClipCodeGet)
                  000095ee    00000002     --HOLE-- [fill = 0]
                  000095f0    00000034     driverlib.lib : sysctl.obj (.text:SysCtlPeripheralEnable)
                  00009624    00000034     rtsv7M4_T_le_v4SPD16_eabi.lib : trgmsg.c.obj (.text:__TI_readmsg)
                  00009658    00000034     sysbios.aem4f : BIOS.obj (.text:ti_sysbios_family_arm_m3_Hwi_excNmi__I)
                  0000968c    00000004     --HOLE-- [fill = 0]
                  00009690    00000034                   : BIOS.obj (.text:ti_sysbios_hal_Hwi_checkStack)
                  000096c4    00000034     ti.targets.arm.rtsarm.aem4f : Core-label.oem4f (.text:xdc_runtime_Core_assignLabel__I)
                  000096f8    00000033                                 : Text.oem4f (.text:xdc_runtime_Text_printVisFxn__I)
                  0000972b    00000005     --HOLE-- [fill = 0]
                  00009730    00000032     sysbios.aem4f : BIOS.obj (.text:ti_sysbios_hal_Hwi_initStack)
                  00009762    00000030     rtsv7M4_T_le_v4SPD16_eabi.lib : snprintf.c.obj (.text:_outs)
                  00009792    00000006     --HOLE-- [fill = 0]
                  00009798    00000030     rtos_pem4f.oem4f (.text:ti_sysbios_BIOS_atExitFunc__I)
                  000097c8    00000030     sysbios.aem4f : BIOS.obj (.text:ti_sysbios_family_arm_lm4_Timer_stop__E)
                  000097f8    00000030                   : BIOS.obj (.text:ti_sysbios_family_arm_m3_TaskSupport_start__E)
                  00009828    00000030     rtos_pem4f.oem4f (.text:ti_sysbios_gates_GateHwi_Object__create__S)
                  00009858    00000030     rtos_pem4f.oem4f (.text:ti_sysbios_gates_GateMutex_Object__create__S)
                  00009888    00000030     rtos_pem4f.oem4f (.text:ti_sysbios_heaps_HeapMem_Object__create__S)
                  000098b8    00000030     sysbios.aem4f : BIOS.obj (.text:ti_sysbios_knl_Mailbox_postInit__I)
                  000098e8    00000030     rtos_pem4f.oem4f (.text:ti_sysbios_knl_Semaphore_construct)
                  00009918    00000030     sysbios.aem4f : BIOS.obj (.text:ti_sysbios_knl_Semaphore_pendTimeout__I)
                  00009948    00000030                   : BIOS.obj (.text:ti_sysbios_knl_Task_unblockI__E)
                  00009978    00000030     ti.targets.arm.rtsarm.aem4f : SysMin.oem4f (.text:xdc_runtime_SysMin_abort__E)
                  000099a8    00000030                                 : System.oem4f (.text:xdc_runtime_System_processAtExit__E)
                  000099d8    0000002e     driverlib.lib : adc.obj (.text:ADCIntStatus)
                  00009a06    0000002e     grlib.lib : string.obj (.text:GrStringNextCharGet)
                  00009a34    00000004     --HOLE-- [fill = 0]
                  00009a38    0000002e     rtos_pem4f.oem4f (.text:malloc)
                  00009a66    0000002e     rtsv7M4_T_le_v4SPD16_eabi.lib : i_tofd_t2.asm.obj (.text)
                  00009a94    00000004     --HOLE-- [fill = 0]
                  00009a98    0000002c     rtos_pem4f.oem4f (.text:ti_sysbios_knl_Clock_doTick__I)
                  00009ac4    00000004     --HOLE-- [fill = 0]
                  00009ac8    0000002c     rtos_pem4f.oem4f (.text:ti_sysbios_knl_Queue_construct)
                  00009af4    00000004     --HOLE-- [fill = 0]
                  00009af8    0000002c     sysbios.aem4f : BIOS.obj (.text:ti_sysbios_knl_Task_restore__E)
                  00009b24    0000002c     ti.targets.arm.rtsarm.aem4f : Text.oem4f (.text:xdc_runtime_Text_cordText__E)
                  00009b50    0000002a     driverlib.lib : gpio.obj (.text:GPIODirModeSet)
                  00009b7a    0000002a     ti.targets.arm.rtsarm.aem4f : System.oem4f (.text:xdc_runtime_System_putchar__I)
                  00009ba4    00000028     rtsv7M4_T_le_v4SPD16_eabi.lib : e_sqrtf.c.obj (.text:sqrtf)
                  00009bcc    00000004     --HOLE-- [fill = 0]
                  00009bd0    00000028     sysbios.aem4f : BIOS.obj (.text:ti_sysbios_knl_Clock_addI__E)
                  00009bf8    00000028                   : BIOS.obj (.text:ti_sysbios_knl_Swi_Module_startup__E)
                  00009c20    00000026     grlib.lib : string.obj (.text:GrFontInfoGet)
                  00009c46    00000026     sysbios.aem4f : m3_Hwi_asm.obj (.text:ti_sysbios_family_arm_m3_Hwi_pendSV__I)
                  00009c6c    00000026     ti.targets.arm.rtsarm.aem4f : System.oem4f (.text:xdc_runtime_System_avprintf__E)
                  00009c92    00000002     --HOLE-- [fill = 0]
                  00009c94    00000024     driverlib.lib : interrupt.obj (.text:IntPrioritySet)
                  00009cb8    00000024     rtos_pem4f.oem4f (.text:ti_sysbios_BIOS_errorRaiseHook__I)
                  00009cdc    00000004     --HOLE-- [fill = 0]
                  00009ce0    00000024     rtos_pem4f.oem4f (.text:ti_sysbios_BIOS_registerRTSLock__I)
                  00009d04    00000004     --HOLE-- [fill = 0]
                  00009d08    00000024     rtos_pem4f.oem4f (.text:ti_sysbios_BIOS_removeRTSLock__I)
                  00009d2c    00000004     --HOLE-- [fill = 0]
                  00009d30    00000024     rtos_pem4f.oem4f (.text:ti_sysbios_BIOS_startFunc__I)
                  00009d54    00000004     --HOLE-- [fill = 0]
                  00009d58    00000024     rtos_pem4f.oem4f (.text:ti_sysbios_gates_GateMutex_Object__delete__S)
                  00009d7c    00000004     --HOLE-- [fill = 0]
                  00009d80    00000024     sysbios.aem4f : BIOS.obj (.text:ti_sysbios_knl_Clock_Module_startup__E)
                  00009da4    00000004     --HOLE-- [fill = 0]
                  00009da8    00000024                   : BIOS.obj (.text:ti_sysbios_knl_Task_restoreHwi__E)
                  00009dcc    00000024     ti.targets.arm.rtsarm.aem4f : System.oem4f (.text:xdc_runtime_System_vprintf__E)
                  00009df0    00000022     grlib.lib : string.obj (.text:GrFontGlyphDataGet)
                  00009e12    00000006     --HOLE-- [fill = 0]
                  00009e18    00000022     sysbios.aem4f : BIOS.obj (.text:ti_sysbios_family_arm_lm4_Timer_write__I)
                  00009e3a    00000006     --HOLE-- [fill = 0]
                  00009e40    00000022     rtos_pem4f.oem4f (.text:xdc_runtime_SysMin_output__I)
                  00009e62    00000002     --HOLE-- [fill = 0]
                  00009e64    00000020     Boot.aem4f : Boot_sysctl.oem4f (.text:_SysCtlMemTimingGet)
                  00009e84    00000004     --HOLE-- [fill = 0]
                  00009e88    00000020     rtos_pem4f.oem4f (.text:ti_sysbios_BIOS_rtsLock__I)
                  00009ea8    00000020     sysbios.aem4f : m3_Hwi_asm.obj (.text:ti_sysbios_family_arm_m3_Hwi_excHandlerAsm__I)
                  00009ec8    00000020                   : BIOS.obj (.text:ti_sysbios_family_arm_m3_Hwi_excHandler__I)
                  00009ee8    00000020     rtos_pem4f.oem4f (.text:ti_sysbios_gates_GateHwi_Object__delete__S)
                  00009f08    00000020     rtos_pem4f.oem4f (.text:ti_sysbios_heaps_HeapMem_Object__delete__S)
                  00009f28    00000020     sysbios.aem4f : BIOS.obj (.text:ti_sysbios_knl_Idle_run__E)
                  00009f48    00000020     rtos_pem4f.oem4f (.text:ti_sysbios_knl_Semaphore_Object__destruct__S)
                  00009f68    00000020     ti.targets.arm.rtsarm.aem4f : Registry.oem4f (.text:xdc_runtime_Registry_findById__E)
                  00009f88    00000020                                 : SysMin.oem4f (.text:xdc_runtime_SysMin_Module_startup__E)
                  00009fa8    0000001e     driverlib.lib : adc.obj (.text:ADCSequenceDataGet)
                  00009fc6    00000002     --HOLE-- [fill = 0]
                  00009fc8    0000001e     Crystalfontz128x128_ST7735.obj (.text:Crystalfontz128x128_ColorTranslate)
                  00009fe6    0000001e     grlib.lib : string.obj (.text:GrFontCodepageGet)
                  0000a004    0000001e     sysbios.aem4f : m3_Hwi_asm_switch.obj (.text:ti_sysbios_family_xxx_Hwi_switchAndRunFunc)
                  0000a022    00000006     --HOLE-- [fill = 0]
                  0000a028    0000001c     Crystalfontz128x128_ST7735.obj (.text:Crystalfontz128x128_LineDrawV)
                  0000a044    0000001c     rtsv7M4_T_le_v4SPD16_eabi.lib : memccpy.c.obj (.text:memccpy)
                  0000a060    0000001c     sysbios.aem4f : BIOS.obj (.text:ti_sysbios_gates_GateMutex_Instance_init__E)
                  0000a07c    00000004     --HOLE-- [fill = 0]
                  0000a080    0000001c     rtos_pem4f.oem4f (.text:ti_sysbios_knl_Queue_Object__destruct__S)
                  0000a09c    00000004     --HOLE-- [fill = 0]
                  0000a0a0    0000001c     sysbios.aem4f : BIOS.obj (.text:ti_sysbios_knl_Queue_get__E)
                  0000a0bc    00000004     --HOLE-- [fill = 0]
                  0000a0c0    0000001c                   : BIOS.obj (.text:ti_sysbios_knl_Queue_put__E)
                  0000a0dc    00000004     --HOLE-- [fill = 0]
                  0000a0e0    0000001c                   : BIOS.obj (.text:ti_sysbios_knl_Task_enter__I)
                  0000a0fc    0000001c     ti.targets.arm.rtsarm.aem4f : Error.oem4f (.text:xdc_runtime_Error_raiseX__E)
                  0000a118    0000001c                                 : Memory.oem4f (.text:xdc_runtime_Memory_valloc__E)
                  0000a134    0000001c                                 : SysMin.oem4f (.text:xdc_runtime_SysMin_exit__E)
                  0000a150    0000001c                                 : System.oem4f (.text:xdc_runtime_System_abort__E)
                  0000a16c    0000001a     rtsv7M4_T_le_v4SPD16_eabi.lib : s_copysign.c.obj (.text:copysign)
                  0000a186    00000002     --HOLE-- [fill = 0]
                  0000a188    0000001a     rtos_pem4f.oem4f (.text:free)
                  0000a1a2    00000006     --HOLE-- [fill = 0]
                  0000a1a8    0000001a     rtos_pem4f.oem4f (.text:ti_sysbios_family_arm_m3_Hwi_Handle__label__S)
                  0000a1c2    00000006     --HOLE-- [fill = 0]
                  0000a1c8    0000001a     rtos_pem4f.oem4f (.text:ti_sysbios_gates_GateHwi_Handle__label__S)
                  0000a1e2    00000006     --HOLE-- [fill = 0]
                  0000a1e8    0000001a     rtos_pem4f.oem4f (.text:ti_sysbios_gates_GateMutex_Handle__label__S)
                  0000a202    00000006     --HOLE-- [fill = 0]
                  0000a208    0000001a     rtos_pem4f.oem4f (.text:ti_sysbios_heaps_HeapMem_Handle__label__S)
                  0000a222    00000006     --HOLE-- [fill = 0]
                  0000a228    0000001a     rtos_pem4f.oem4f (.text:ti_sysbios_knl_Swi_Handle__label__S)
                  0000a242    00000006     --HOLE-- [fill = 0]
                  0000a248    0000001a     rtos_pem4f.oem4f (.text:ti_sysbios_knl_Task_Handle__label__S)
                  0000a262    00000006     --HOLE-- [fill = 0]
                  0000a268    0000001a     rtos_pem4f.oem4f (.text:xdc_runtime_System_aprintf__E)
                  0000a282    00000006     --HOLE-- [fill = 0]
                  0000a288    0000001a     rtos_pem4f.oem4f (.text:xdc_runtime_System_printf__E)
                  0000a2a2    00000018     driverlib.lib : adc.obj (.text:ADCClockConfigSet)
                  0000a2ba    00000018                   : adc.obj (.text:ADCProcessorTrigger)
                  0000a2d2    00000018                   : gpio.obj (.text:GPIOPinTypeGPIOOutput)
                  0000a2ea    00000002     --HOLE-- [fill = 0]
                  0000a2ec    00000018     rtsv7M4_T_le_v4SPD16_eabi.lib : args_main.c.obj (.text:_args_main)
                  0000a304    00000018                                   : snprintf.c.obj (.text:_outc)
                  0000a31c    00000004     --HOLE-- [fill = 0]
                  0000a320    00000018     rtos_pem4f.oem4f (.text:ti_sysbios_BIOS_rtsUnlock__I)
                  0000a338    00000018     rtos_pem4f.oem4f (.text:ti_sysbios_family_arm_lm4_Timer_Module__startupDone__F)
                  0000a350    00000018     rtos_pem4f.oem4f (.text:ti_sysbios_family_arm_m3_Hwi_Module__startupDone__F)
                  0000a368    00000018     sysbios.aem4f : m3_TaskSupport_asm.obj (.text:ti_sysbios_family_arm_m3_TaskSupport_swap__E)
                  0000a380    00000018                   : BIOS.obj (.text:ti_sysbios_gates_GateMutex_leave__E)
                  0000a398    00000018     ti.targets.arm.rtsarm.aem4f : Error.oem4f (.text:xdc_runtime_Error_check__E)
                  0000a3b0    00000018                                 : System.oem4f (.text:xdc_runtime_System_exit__E)
                  0000a3c8    00000018                                 : Text.oem4f (.text:xdc_runtime_Text_ropeText__E)
                  0000a3e0    00000016     grlib.lib : string.obj (.text:GrStringDraw)
                  0000a3f6    00000016     rtsv7M4_T_le_v4SPD16_eabi.lib : strchr.c.obj (.text:strchr)
                  0000a40c    00000004     --HOLE-- [fill = 0]
                  0000a410    00000016     rtos_pem4f.oem4f (.text:ti_sysbios_BIOS_exitFunc__I)
                  0000a426    00000002     --HOLE-- [fill = 0]
                  0000a428    00000016     sysbios.aem4f : BIOS.obj (.text:ti_sysbios_knl_Task_unblock__E)
                  0000a43e    00000002     --HOLE-- [fill = 0]
                  0000a440    00000014     Crystalfontz128x128_ST7735.obj (.text:Crystalfontz128x128_PixelDraw)
                  0000a454    00000014     rtsv7M4_T_le_v4SPD16_eabi.lib : strlen.c.obj (.text:strlen)
                  0000a468    00000014     rtos_pem4f.oem4f (.text:ti_sysbios_family_arm_m3_Hwi_Object__get__S)
                  0000a47c    00000004     --HOLE-- [fill = 0]
                  0000a480    00000014     sysbios.aem4f : BIOS.obj (.text:ti_sysbios_family_arm_m3_Hwi_switchFromBootStack__E)
                  0000a494    00000004     --HOLE-- [fill = 0]
                  0000a498    00000014     rtos_pem4f.oem4f (.text:ti_sysbios_heaps_HeapMem_Object__get__S)
                  0000a4ac    00000004     --HOLE-- [fill = 0]
                  0000a4b0    00000014     rtos_pem4f.oem4f (.text:ti_sysbios_knl_Mailbox_Object__get__S)
                  0000a4c4    00000004     --HOLE-- [fill = 0]
                  0000a4c8    00000014     rtos_pem4f.oem4f (.text:ti_sysbios_knl_Swi_Object__get__S)
                  0000a4dc    00000012     driverlib.lib : gpio.obj (.text:GPIOPinTypeADC)
                  0000a4ee    00000012                   : gpio.obj (.text:GPIOPinTypeGPIOInput)
                  0000a500    00000012                   : gpio.obj (.text:GPIOPinTypeSSI)
                  0000a512    00000006     --HOLE-- [fill = 0]
                  0000a518    00000012     sysbios.aem4f : BIOS.obj (.text:ti_sysbios_hal_Hwi_Module_startup__E)
                  0000a52a    00000012     rtsv7M4_T_le_v4SPD16_eabi.lib : wcslen.c.obj (.text:wcslen)
                  0000a53c    00000004     --HOLE-- [fill = 0]
                  0000a540    00000012     rtos_pem4f.oem4f (.text:xdc_runtime_Startup_exec__I)
                  0000a552    00000006     --HOLE-- [fill = 0]
                  0000a558    00000010     rtos_pem4f.oem4f (.text:.bootCodeSection:ti_catalog_arm_cortexm4_tiva_ce_Boot_init__I)
                  0000a568    00000010     driverlib.lib : adc.obj (.text:ADCIntEnable)
                  0000a578    00000010                   : interrupt.obj (.text:IntMasterDisable)
                  0000a588    00000010                   : interrupt.obj (.text:IntMasterEnable)
                  0000a598    00000010     sysbios.aem4f : BIOS.obj (.text:ti_sysbios_BIOS_setThreadType__E)
                  0000a5a8    00000010                   : BIOS.obj (.text:ti_sysbios_BIOS_start__E)
                  0000a5b8    00000010                   : m3_TaskSupport_asm.obj (.text:ti_sysbios_family_arm_m3_TaskSupport_glue)
                  0000a5c8    00000010                   : BIOS.obj (.text:ti_sysbios_gates_GateMutex_Instance_finalize__E)
                  0000a5d8    00000010                   : BIOS.obj (.text:ti_sysbios_knl_Semaphore_Instance_finalize__E)
                  0000a5e8    00000010                   : BIOS.obj (.text:ti_sysbios_knl_Swi_disable__E)
                  0000a5f8    00000010     rtos_pem4f.oem4f (.text:ti_sysbios_knl_Task_Object__get__S)
                  0000a608    00000010     sysbios.aem4f : BIOS.obj (.text:ti_sysbios_knl_Task_disable__E)
                  0000a618    00000010     ti.targets.arm.rtsarm.aem4f : Gate.oem4f (.text:xdc_runtime_Gate_leaveSystem__E)
                  0000a628    00000010                                 : Memory.oem4f (.text:xdc_runtime_Memory_free__E)
                  0000a638    00000010                                 : SysMin.oem4f (.text:xdc_runtime_SysMin_ready__E)
                  0000a648    00000010                                 : System.oem4f (.text:xdc_runtime_System_vsnprintf__E)
                  0000a658    00000010     rtos_pem4f.oem4f (.text:xdc_runtime_Text_visitRope__I)
                  0000a668    0000000e     driverlib.lib : adc.obj (.text:ADCSequenceDisable)
                  0000a676    0000000e                   : adc.obj (.text:ADCSequenceEnable)
                  0000a684    0000000e     rtsv7M4_T_le_v4SPD16_eabi.lib : copy_decompress_none.c.obj (.text:decompress:none:__TI_decompress_none)
                  0000a692    00000006     --HOLE-- [fill = 0]
                  0000a698    0000000e     sysbios.aem4f : BIOS.obj (.text:ti_sysbios_knl_Idle_loop__E)
                  0000a6a6    00000002     --HOLE-- [fill = 0]
                  0000a6a8    0000000e                   : BIOS.obj (.text:ti_sysbios_knl_Queue_empty__E)
                  0000a6b6    0000000c     driverlib.lib : cpu.obj (.text:CPUcpsid)
                  0000a6c2    0000000c                   : cpu.obj (.text:CPUcpsie)
                  0000a6ce    00000002     --HOLE-- [fill = 0]
                  0000a6d0    0000000c     main.obj (.text:Clock)
                  0000a6dc    00000004     --HOLE-- [fill = 0]
                  0000a6e0    0000000c     HAL_EK_TM4C1294XL_Crystalfontz128x128_ST7735.obj (.text:HAL_LCD_writeData)
                  0000a6ec    0000000c     rtsv7M4_T_le_v4SPD16_eabi.lib : _lock.c.obj (.text:_register_lock)
                  0000a6f8    0000000c                                   : _lock.c.obj (.text:_register_unlock)
                  0000a704    0000000c                                   : copy_zero_init.c.obj (.text:decompress:ZI:__TI_zero_init)
                  0000a710    0000000c     sysbios.aem4f : BIOS.obj (.text:ti_sysbios_family_arm_lm4_Timer_getMaxTicks__E)
                  0000a71c    00000004     --HOLE-- [fill = 0]
                  0000a720    0000000c                   : BIOS.obj (.text:ti_sysbios_family_arm_m3_TaskSupport_checkStack__E)
                  0000a72c    00000004     --HOLE-- [fill = 0]
                  0000a730    0000000c                   : BIOS.obj (.text:ti_sysbios_gates_GateHwi_enter__E)
                  0000a73c    00000004     --HOLE-- [fill = 0]
                  0000a740    0000000c     rtos_pem4f.oem4f (.text:ti_sysbios_knl_Queue_Object__get__S)
                  0000a74c    0000000c     ti.targets.arm.rtsarm.aem4f : Error.oem4f (.text:xdc_runtime_Error_init__E)
                  0000a758    0000000c                                 : Gate.oem4f (.text:xdc_runtime_Gate_enterSystem__E)
                  0000a764    0000000c                                 : Memory.oem4f (.text:xdc_runtime_Memory_calloc__E)
                  0000a770    0000000c                                 : Memory.oem4f (.text:xdc_runtime_Memory_getMaxDefaultTypeAlign__E)
                  0000a77c    0000000a     driverlib.lib : adc.obj (.text:ADCIntClear)
                  0000a786    0000000a                   : ssi.obj (.text:SSIDataPut)
                  0000a790    0000000a                   : ssi.obj (.text:SSIEnable)
                  0000a79a    00000006     --HOLE-- [fill = 0]
                  0000a7a0    0000000a     rtos_pem4f.oem4f (.text:xdc_runtime_IHeap_alloc)
                  0000a7aa    00000006     --HOLE-- [fill = 0]
                  0000a7b0    0000000a     rtos_pem4f.oem4f (.text:xdc_runtime_IHeap_free)
                  0000a7ba    00000008     grlib.lib : charmap.obj (.text:GrMapISO8859_1_Unicode)
                  0000a7c2    00000008     driverlib.lib : ssi.obj (.text:SSIBusy)
                  0000a7ca    00000002     --HOLE-- [fill = 0]
                  0000a7cc    00000008     rtsv7M4_T_le_v4SPD16_eabi.lib : errno.c.obj (.text:__aeabi_errno_addr)
                  0000a7d4    00000008     sysbios.aem4f : BIOS.obj (.text:ti_sysbios_family_arm_lm4_Timer_masterDisable__I)
                  0000a7dc    00000004     --HOLE-- [fill = 0]
                  0000a7e0    00000008                   : BIOS.obj (.text:ti_sysbios_family_arm_m3_Hwi_doSwiRestore__I)
                  0000a7e8    00000008                   : BIOS.obj (.text:ti_sysbios_family_arm_m3_Hwi_startup__E)
                  0000a7f0    00000006     kiss_fft.obj (.text:kiss_fft)
                  0000a7f6    00000002     --HOLE-- [fill = 0]
                  0000a7f8    00000006     sysbios.aem4f : BIOS.obj (.text:ti_sysbios_family_arm_lm4_TimestampProvider_Module_startup__E)
                  0000a7fe    00000002     --HOLE-- [fill = 0]
                  0000a800    00000006                   : BIOS.obj (.text:ti_sysbios_family_arm_m3_Hwi_doTaskRestore__I)
                  0000a806    00000002     --HOLE-- [fill = 0]
                  0000a808    00000006                   : BIOS.obj (.text:ti_sysbios_gates_GateHwi_leave__E)
                  0000a80e    00000002     --HOLE-- [fill = 0]
                  0000a810    00000006                   : BIOS.obj (.text:ti_sysbios_heaps_HeapMem_isBlocking__E)
                  0000a816    00000002     --HOLE-- [fill = 0]
                  0000a818    00000006                   : BIOS.obj (.text:ti_sysbios_knl_Queue_Instance_init__E)
                  0000a81e    00000002     --HOLE-- [fill = 0]
                  0000a820    00000006                   : BIOS.obj (.text:ti_sysbios_knl_Swi_startup__E)
                  0000a826    00000002     --HOLE-- [fill = 0]
                  0000a828    00000004     rtos_pem4f.oem4f (.text:ti_sysbios_BIOS_RtsGateProxy_enter__E)
                  0000a82c    00000004     --HOLE-- [fill = 0]
                  0000a830    00000004     rtos_pem4f.oem4f (.text:ti_sysbios_BIOS_RtsGateProxy_leave__E)
                  0000a834    00000004     --HOLE-- [fill = 0]
                  0000a838    00000004     rtos_pem4f.oem4f (.text:ti_sysbios_family_arm_m3_TaskSupport_Module__startupDone__S)
                  0000a83c    00000004     --HOLE-- [fill = 0]
                  0000a840    00000004     sysbios.aem4f : BIOS.obj (.text:ti_sysbios_gates_GateHwi_query__E)
                  0000a844    00000004     --HOLE-- [fill = 0]
                  0000a848    00000004                   : BIOS.obj (.text:ti_sysbios_gates_GateMutex_query__E)
                  0000a84c    00000004     --HOLE-- [fill = 0]
                  0000a850    00000004     rtos_pem4f.oem4f (.text:ti_sysbios_heaps_HeapMem_Module_GateProxy_enter__E)
                  0000a854    00000004     --HOLE-- [fill = 0]
                  0000a858    00000004     rtos_pem4f.oem4f (.text:ti_sysbios_heaps_HeapMem_Module_GateProxy_leave__E)
                  0000a85c    00000004     --HOLE-- [fill = 0]
                  0000a860    00000004     rtos_pem4f.oem4f (.text:ti_sysbios_knl_Clock_TimerProxy_getMaxTicks__E)
                  0000a864    00000004     --HOLE-- [fill = 0]
                  0000a868    00000004     rtos_pem4f.oem4f (.text:ti_sysbios_knl_Queue_destruct)
                  0000a86c    00000004     --HOLE-- [fill = 0]
                  0000a870    00000004     rtos_pem4f.oem4f (.text:ti_sysbios_knl_Semaphore_destruct)
                  0000a874    00000004     --HOLE-- [fill = 0]
                  0000a878    00000004     sysbios.aem4f : BIOS.obj (.text:ti_sysbios_knl_Task_startup__E)
                  0000a87c    00000004     --HOLE-- [fill = 0]
                  0000a880    00000004     rtos_pem4f.oem4f (.text:xdc_runtime_System_Module_GateProxy_enter__E)
                  0000a884    00000004     --HOLE-- [fill = 0]
                  0000a888    00000004     rtos_pem4f.oem4f (.text:xdc_runtime_System_Module_GateProxy_leave__E)
                  0000a88c    00000004     --HOLE-- [fill = 0]
                  0000a890    00000002     rtos_pem4f.oem4f (.text:ti_sysbios_BIOS_nullFunc__I)
                  0000a892    00000006     --HOLE-- [fill = 0]
                  0000a898    00000002     sysbios.aem4f : BIOS.obj (.text:ti_sysbios_gates_GateHwi_Instance_init__E)
                  0000a89a    00000006     --HOLE-- [fill = 0]
                  0000a8a0    00000002                   : BIOS.obj (.text:ti_sysbios_knl_Clock_logTick__E)
                  0000a8a2    00000006     --HOLE-- [fill = 0]
                  0000a8a8    00000002     rtos_pem4f.oem4f (.text:xdc_runtime_Startup_reset__I)

.const     0    0000a8b0    00002854     
                  0000a8b0    00001979     rtos_pem4f.oem4f (.const:xdc_runtime_Text_charTab__A)
                  0000c229    000002f8     grlib.lib : fontfixed6x8.obj (.const:.string:g_pui8FontFixed6x8Data)
                  0000c521    00000001     rtos_pem4f.oem4f (.const:xdc_runtime_Error_policy__C)
                  0000c522    00000002     rtos_pem4f.oem4f (.const:ti_catalog_arm_cortexm4_tiva_ce_Boot_Module__id__C)
                  0000c524    00000004     rtos_pem4f.oem4f (.const:ti_catalog_arm_cortexm4_tiva_ce_Boot_A_mustNotUseEnhancedClockMode__C)
                  0000c528    00000158     rtsv7M4_T_le_v4SPD16_eabi.lib : k_rem_pio2.c.obj (.const:$O1$$)
                  0000c680    00000120     Boot.aem4f : Boot_sysctl.oem4f (.const:g_pppui32XTALtoVCO)
                  0000c7a0    00000101     rtsv7M4_T_le_v4SPD16_eabi.lib : ctype.c.obj (.const:.string:_ctypes_)
                  0000c8a1    00000001     --HOLE-- [fill = 0]
                  0000c8a2    00000002     rtos_pem4f.oem4f (.const:ti_sysbios_family_arm_lm4_TimestampProvider_Module__id__C)
                  0000c8a4    000000c8     grlib.lib : fontfixed6x8.obj (.const:g_sFontFixed6x8)
                  0000c96c    000000c8     rtos_pem4f.oem4f (.const:xdc_runtime_Text_nodeTab__A)
                  0000ca34    0000009c     driverlib.lib : interrupt.obj (.const:g_pui32Regs)
                  0000cad0    00000090                   : gpio.obj (.const:g_pui32GPIOBaseAddrs)
                  0000cb60    00000070                   : interrupt.obj (.const)
                  0000cbd0    0000006c     Boot.aem4f : Boot_sysctl.oem4f (.const:g_pui32Xtals)
                  0000cc3c    00000048     rtos_pem4f.oem4f (.const:.string)
                  0000cc84    00000030     Boot.aem4f : Boot_sysctl.oem4f (.const:g_sXTALtoMEMTIM)
                  0000ccb4    00000030     rtos_pem4f.oem4f (.const)
                  0000cce4    00000028     Crystalfontz128x128_ST7735.obj (.const:g_sCrystalfontz128x128)
                  0000cd0c    00000028     rtos_pem4f.oem4f (.const:ti_sysbios_heaps_HeapMem_Module__FXNS__C)
                  0000cd34    00000028     rtos_pem4f.oem4f (.const:xdc_runtime_Startup_sfxnTab__A)
                  0000cd5c    00000024     rtos_pem4f.oem4f (.const:ti_sysbios_gates_GateHwi_Module__FXNS__C)
                  0000cd80    00000024     rtos_pem4f.oem4f (.const:ti_sysbios_gates_GateMutex_Module__FXNS__C)
                  0000cda4    00000024     rtos_pem4f.oem4f (.const:ti_sysbios_heaps_HeapMem_Object__PARAMS__C)
                  0000cdc8    00000024     rtos_pem4f.oem4f (.const:ti_sysbios_knl_Semaphore_Object__PARAMS__C)
                  0000cdec    00000020     rtos_pem4f.oem4f (.const:ti_sysbios_gates_GateHwi_Object__DESC__C)
                  0000ce0c    00000020     rtos_pem4f.oem4f (.const:ti_sysbios_gates_GateMutex_Object__DESC__C)
                  0000ce2c    00000020     rtos_pem4f.oem4f (.const:ti_sysbios_heaps_HeapMem_Object__DESC__C)
                  0000ce4c    00000020     rtos_pem4f.oem4f (.const:ti_sysbios_knl_Queue_Object__DESC__C)
                  0000ce6c    00000020     rtos_pem4f.oem4f (.const:ti_sysbios_knl_Semaphore_Object__DESC__C)
                  0000ce8c    00000018     rtos_pem4f.oem4f (.const:ti_sysbios_gates_GateHwi_Object__PARAMS__C)
                  0000cea4    00000018     rtos_pem4f.oem4f (.const:ti_sysbios_gates_GateMutex_Object__PARAMS__C)
                  0000cebc    00000018     rtos_pem4f.oem4f (.const:ti_sysbios_knl_Queue_Object__PARAMS__C)
                  0000ced4    00000018     rtos_pem4f.oem4f (.const:xdc_runtime_Startup_firstFxns__A)
                  0000ceec    00000014     rtos_pem4f.oem4f (.const:xdc_runtime_Startup_sfxnRts__A)
                  0000cf00    00000010     main.obj (.const:divArray)
                  0000cf10    00000010     grlib.lib : context.obj (.const)
                  0000cf20    0000000c     main.obj (.const:.string)
                  0000cf2c    00000008     Boot.aem4f : Boot_sysctl.oem4f (.const)
                  0000cf34    00000008     rtos_pem4f.oem4f (.const:ti_sysbios_family_arm_m3_Hwi_excHookFuncs__A)
                  0000cf3c    00000008     rtos_pem4f.oem4f (.const:ti_sysbios_knl_Idle_funcList__C)
                  0000cf44    00000008     rtos_pem4f.oem4f (.const:xdc_runtime_Startup_firstFxns__C)
                  0000cf4c    00000008     rtos_pem4f.oem4f (.const:xdc_runtime_Startup_lastFxns__C)
                  0000cf54    00000004     rtos_pem4f.oem4f (.const:ti_catalog_arm_cortexm4_tiva_ce_Boot_Module__diagsEnabled__C)
                  0000cf58    00000004     rtos_pem4f.oem4f (.const:ti_catalog_arm_cortexm4_tiva_ce_Boot_Module__diagsIncluded__C)
                  0000cf5c    00000004     rtos_pem4f.oem4f (.const:ti_catalog_arm_cortexm4_tiva_ce_Boot_Module__diagsMask__C)
                  0000cf60    00000004     rtos_pem4f.oem4f (.const:ti_sysbios_family_arm_lm4_Timer_enableFunc__C)
                  0000cf64    00000004     rtos_pem4f.oem4f (.const:ti_sysbios_family_arm_lm4_Timer_numTimerDevices__C)
                  0000cf68    00000004     rtos_pem4f.oem4f (.const:ti_sysbios_family_arm_lm4_Timer_startupNeeded__C)
                  0000cf6c    00000004     rtos_pem4f.oem4f (.const:ti_sysbios_family_arm_lm4_TimestampProvider_Module__diagsEnabled__C)
                  0000cf70    00000004     rtos_pem4f.oem4f (.const:ti_sysbios_family_arm_lm4_TimestampProvider_Module__diagsIncluded__C)
                  0000cf74    00000004     rtos_pem4f.oem4f (.const:ti_sysbios_family_arm_lm4_TimestampProvider_Module__diagsMask__C)
                  0000cf78    00000004     rtos_pem4f.oem4f (.const:ti_sysbios_family_arm_m3_Hwi_E_NMI__C)
                  0000cf7c    00000004     rtos_pem4f.oem4f (.const:ti_sysbios_family_arm_m3_Hwi_E_busFault__C)
                  0000cf80    00000004     rtos_pem4f.oem4f (.const:ti_sysbios_family_arm_m3_Hwi_E_debugMon__C)
                  0000cf84    00000004     rtos_pem4f.oem4f (.const:ti_sysbios_family_arm_m3_Hwi_E_hardFault__C)
                  0000cf88    00000004     rtos_pem4f.oem4f (.const:ti_sysbios_family_arm_m3_Hwi_E_memFault__C)
                  0000cf8c    00000004     rtos_pem4f.oem4f (.const:ti_sysbios_family_arm_m3_Hwi_E_noIsr__C)
                  0000cf90    00000004     rtos_pem4f.oem4f (.const:ti_sysbios_family_arm_m3_Hwi_E_reserved__C)
                  0000cf94    00000004     rtos_pem4f.oem4f (.const:ti_sysbios_family_arm_m3_Hwi_E_svCall__C)
                  0000cf98    00000004     rtos_pem4f.oem4f (.const:ti_sysbios_family_arm_m3_Hwi_E_usageFault__C)
                  0000cf9c    00000004     rtos_pem4f.oem4f (.const:ti_sysbios_family_arm_m3_Hwi_NUM_INTERRUPTS__C)
                  0000cfa0    00000004     rtos_pem4f.oem4f (.const:ti_sysbios_family_arm_m3_Hwi_Object__count__C)
                  0000cfa4    00000004     rtos_pem4f.oem4f (.const:ti_sysbios_family_arm_m3_Hwi_ccr__C)
                  0000cfa8    00000004     rtos_pem4f.oem4f (.const:ti_sysbios_family_arm_m3_Hwi_excHandlerFunc__C)
                  0000cfac    00000004     rtos_pem4f.oem4f (.const:ti_sysbios_family_arm_m3_Hwi_excHookFuncs__C)
                  0000cfb0    00000004     rtos_pem4f.oem4f (.const:ti_sysbios_family_arm_m3_Hwi_nullIsrFunc__C)
                  0000cfb4    00000004     rtos_pem4f.oem4f (.const:ti_sysbios_family_arm_m3_Hwi_priGroup__C)
                  0000cfb8    00000004     rtos_pem4f.oem4f (.const:ti_sysbios_gates_GateMutex_A_badContext__C)
                  0000cfbc    00000004     rtos_pem4f.oem4f (.const:ti_sysbios_gates_GateMutex_Instance_State_sem__O)
                  0000cfc0    00000004     rtos_pem4f.oem4f (.const:ti_sysbios_gates_GateMutex_Module__diagsEnabled__C)
                  0000cfc4    00000004     rtos_pem4f.oem4f (.const:ti_sysbios_gates_GateMutex_Module__diagsIncluded__C)
                  0000cfc8    00000004     rtos_pem4f.oem4f (.const:ti_sysbios_gates_GateMutex_Module__diagsMask__C)
                  0000cfcc    00000004     rtos_pem4f.oem4f (.const:ti_sysbios_hal_Hwi_E_stackOverflow__C)
                  0000cfd0    00000004     rtos_pem4f.oem4f (.const:ti_sysbios_heaps_HeapMem_A_align__C)
                  0000cfd4    00000004     rtos_pem4f.oem4f (.const:ti_sysbios_heaps_HeapMem_A_heapSize__C)
                  0000cfd8    00000004     rtos_pem4f.oem4f (.const:ti_sysbios_heaps_HeapMem_A_invalidFree__C)
                  0000cfdc    00000004     rtos_pem4f.oem4f (.const:ti_sysbios_heaps_HeapMem_A_zeroBlock__C)
                  0000cfe0    00000004     rtos_pem4f.oem4f (.const:ti_sysbios_heaps_HeapMem_E_memory__C)
                  0000cfe4    00000004     rtos_pem4f.oem4f (.const:ti_sysbios_heaps_HeapMem_Module__diagsEnabled__C)
                  0000cfe8    00000004     rtos_pem4f.oem4f (.const:ti_sysbios_heaps_HeapMem_Module__diagsIncluded__C)
                  0000cfec    00000004     rtos_pem4f.oem4f (.const:ti_sysbios_heaps_HeapMem_Module__diagsMask__C)
                  0000cff0    00000004     rtos_pem4f.oem4f (.const:ti_sysbios_heaps_HeapMem_Module__gateObj__C)
                  0000cff4    00000004     rtos_pem4f.oem4f (.const:ti_sysbios_heaps_HeapMem_Object__count__C)
                  0000cff8    00000004     rtos_pem4f.oem4f (.const:ti_sysbios_heaps_HeapMem_reqAlign__C)
                  0000cffc    00000004     rtos_pem4f.oem4f (.const:ti_sysbios_knl_Clock_Module_State_clockQ__O)
                  0000d000    00000004     rtos_pem4f.oem4f (.const:ti_sysbios_knl_Idle_funcList__A)
                  0000d004    00000004     rtos_pem4f.oem4f (.const:ti_sysbios_knl_Mailbox_Instance_State_dataQue__O)
                  0000d008    00000004     rtos_pem4f.oem4f (.const:ti_sysbios_knl_Mailbox_Instance_State_dataSem__O)
                  0000d00c    00000004     rtos_pem4f.oem4f (.const:ti_sysbios_knl_Mailbox_Instance_State_freeQue__O)
                  0000d010    00000004     rtos_pem4f.oem4f (.const:ti_sysbios_knl_Mailbox_Instance_State_freeSem__O)
                  0000d014    00000004     rtos_pem4f.oem4f (.const:ti_sysbios_knl_Mailbox_Object__count__C)
                  0000d018    00000004     rtos_pem4f.oem4f (.const:ti_sysbios_knl_Mailbox_maxTypeAlign__C)
                  0000d01c    00000004     rtos_pem4f.oem4f (.const:ti_sysbios_knl_Semaphore_A_badContext__C)
                  0000d020    00000004     rtos_pem4f.oem4f (.const:ti_sysbios_knl_Semaphore_A_noEvents__C)
                  0000d024    00000004     rtos_pem4f.oem4f (.const:ti_sysbios_knl_Semaphore_A_overflow__C)
                  0000d028    00000004     rtos_pem4f.oem4f (.const:ti_sysbios_knl_Semaphore_A_pendTaskDisabled__C)
                  0000d02c    00000004     rtos_pem4f.oem4f (.const:ti_sysbios_knl_Semaphore_Instance_State_pendQ__O)
                  0000d030    00000004     rtos_pem4f.oem4f (.const:ti_sysbios_knl_Semaphore_Module__diagsEnabled__C)
                  0000d034    00000004     rtos_pem4f.oem4f (.const:ti_sysbios_knl_Semaphore_Module__diagsIncluded__C)
                  0000d038    00000004     rtos_pem4f.oem4f (.const:ti_sysbios_knl_Semaphore_Module__diagsMask__C)
                  0000d03c    00000004     rtos_pem4f.oem4f (.const:ti_sysbios_knl_Swi_Object__count__C)
                  0000d040    00000004     rtos_pem4f.oem4f (.const:ti_sysbios_knl_Task_E_spOutOfBounds__C)
                  0000d044    00000004     rtos_pem4f.oem4f (.const:ti_sysbios_knl_Task_E_stackOverflow__C)
                  0000d048    00000004     rtos_pem4f.oem4f (.const:ti_sysbios_knl_Task_Module_State_inactiveQ__O)
                  0000d04c    00000004     rtos_pem4f.oem4f (.const:ti_sysbios_knl_Task_Object__count__C)
                  0000d050    00000004     rtos_pem4f.oem4f (.const:ti_sysbios_knl_Task_allBlockedFunc__C)
                  0000d054    00000004     rtos_pem4f.oem4f (.const:ti_sysbios_knl_Task_numConstructedTasks__C)
                  0000d058    00000004     rtos_pem4f.oem4f (.const:xdc_runtime_Assert_E_assertFailed__C)
                  0000d05c    00000004     rtos_pem4f.oem4f (.const:xdc_runtime_Core_A_initializedParams__C)
                  0000d060    00000004     rtos_pem4f.oem4f (.const:xdc_runtime_Core_Module__diagsEnabled__C)
                  0000d064    00000004     rtos_pem4f.oem4f (.const:xdc_runtime_Core_Module__diagsIncluded__C)
                  0000d068    00000004     rtos_pem4f.oem4f (.const:xdc_runtime_Core_Module__diagsMask__C)
                  0000d06c    00000004     rtos_pem4f.oem4f (.const:xdc_runtime_Error_E_memory__C)
                  0000d070    00000004     rtos_pem4f.oem4f (.const:xdc_runtime_Error_Module__diagsEnabled__C)
                  0000d074    00000004     rtos_pem4f.oem4f (.const:xdc_runtime_Error_Module__diagsIncluded__C)
                  0000d078    00000004     rtos_pem4f.oem4f (.const:xdc_runtime_Error_Module__diagsMask__C)
                  0000d07c    00000004     rtos_pem4f.oem4f (.const:xdc_runtime_Error_Module__loggerFxn8__C)
                  0000d080    00000004     rtos_pem4f.oem4f (.const:xdc_runtime_Error_Module__loggerObj__C)
                  0000d084    00000004     rtos_pem4f.oem4f (.const:xdc_runtime_Error_policyFxn__C)
                  0000d088    00000004     rtos_pem4f.oem4f (.const:xdc_runtime_Error_raiseHook__C)
                  0000d08c    00000004     rtos_pem4f.oem4f (.const:xdc_runtime_IGateProvider_Interface__BASE__C)
                  0000d090    00000004     rtos_pem4f.oem4f (.const:xdc_runtime_IHeap_Interface__BASE__C)
                  0000d094    00000004     rtos_pem4f.oem4f (.const:xdc_runtime_IModule_Interface__BASE__C)
                  0000d098    00000004     rtos_pem4f.oem4f (.const:xdc_runtime_Log_L_error__C)
                  0000d09c    00000004     rtos_pem4f.oem4f (.const:xdc_runtime_Memory_defaultHeapInstance__C)
                  0000d0a0    00000004     rtos_pem4f.oem4f (.const:xdc_runtime_Startup_execImpl__C)
                  0000d0a4    00000004     rtos_pem4f.oem4f (.const:xdc_runtime_Startup_maxPasses__C)
                  0000d0a8    00000004     rtos_pem4f.oem4f (.const:xdc_runtime_Startup_sfxnRts__C)
                  0000d0ac    00000004     rtos_pem4f.oem4f (.const:xdc_runtime_Startup_sfxnTab__C)
                  0000d0b0    00000004     rtos_pem4f.oem4f (.const:xdc_runtime_SysMin_bufSize__C)
                  0000d0b4    00000004     rtos_pem4f.oem4f (.const:xdc_runtime_SysMin_outputFunc__C)
                  0000d0b8    00000004     rtos_pem4f.oem4f (.const:xdc_runtime_System_Module__gateObj__C)
                  0000d0bc    00000004     rtos_pem4f.oem4f (.const:xdc_runtime_System_abortFxn__C)
                  0000d0c0    00000004     rtos_pem4f.oem4f (.const:xdc_runtime_System_exitFxn__C)
                  0000d0c4    00000004     rtos_pem4f.oem4f (.const:xdc_runtime_System_extendFxn__C)
                  0000d0c8    00000004     rtos_pem4f.oem4f (.const:xdc_runtime_System_maxAtexitHandlers__C)
                  0000d0cc    00000004     rtos_pem4f.oem4f (.const:xdc_runtime_Text_charTab__C)
                  0000d0d0    00000004     rtos_pem4f.oem4f (.const:xdc_runtime_Text_nameEmpty__C)
                  0000d0d4    00000004     rtos_pem4f.oem4f (.const:xdc_runtime_Text_nameStatic__C)
                  0000d0d8    00000004     rtos_pem4f.oem4f (.const:xdc_runtime_Text_nameUnknown__C)
                  0000d0dc    00000004     rtos_pem4f.oem4f (.const:xdc_runtime_Text_nodeTab__C)
                  0000d0e0    00000004     rtos_pem4f.oem4f (.const:xdc_runtime_Text_visitRopeFxn__C)
                  0000d0e4    00000002     rtos_pem4f.oem4f (.const:ti_sysbios_family_arm_lm4_TimestampProvider_useClockTimer__C)
                  0000d0e6    00000002     rtos_pem4f.oem4f (.const:ti_sysbios_family_arm_m3_Hwi_Module__id__C)
                  0000d0e8    00000002     rtos_pem4f.oem4f (.const:ti_sysbios_gates_GateMutex_Module__id__C)
                  0000d0ea    00000002     rtos_pem4f.oem4f (.const:ti_sysbios_hal_Hwi_Module__id__C)
                  0000d0ec    00000002     rtos_pem4f.oem4f (.const:ti_sysbios_heaps_HeapMem_Module__id__C)
                  0000d0ee    00000002     rtos_pem4f.oem4f (.const:ti_sysbios_knl_Semaphore_Module__id__C)
                  0000d0f0    00000002     rtos_pem4f.oem4f (.const:ti_sysbios_knl_Task_Module__id__C)
                  0000d0f2    00000002     rtos_pem4f.oem4f (.const:xdc_runtime_Core_Module__id__C)
                  0000d0f4    00000002     rtos_pem4f.oem4f (.const:xdc_runtime_Error_Module__loggerDefined__C)
                  0000d0f6    00000002     rtos_pem4f.oem4f (.const:xdc_runtime_Error_maxDepth__C)
                  0000d0f8    00000002     rtos_pem4f.oem4f (.const:xdc_runtime_Memory_Module__id__C)
                  0000d0fa    00000002     rtos_pem4f.oem4f (.const:xdc_runtime_SysMin_flushAtExit__C)
                  0000d0fc    00000002     rtos_pem4f.oem4f (.const:xdc_runtime_Text_charCnt__C)
                  0000d0fe    00000002     rtos_pem4f.oem4f (.const:xdc_runtime_Text_isLoaded__C)
                  0000d100    00000002     rtos_pem4f.oem4f (.const:xdc_runtime_Text_registryModsLastId__C)
                  0000d102    00000002     rtos_pem4f.oem4f (.const:xdc_runtime_Text_unnamedModsLastId__C)

.cinit     0    0000d108    000002d0     
                  0000d108    0000029c     (.cinit..data.load) [load image, compression = lzss]
                  0000d3a4    0000000c     (__TI_handler_table)
                  0000d3b0    00000008     (.cinit..bss.load) [load image, compression = zero_init]
                  0000d3b8    00000008     (.cinit..vecs.load) [load image, compression = zero_init]
                  0000d3c0    00000018     (__TI_cinit_table)

.init_array 
*          0    00000000    00000000     UNINITIALIZED

.resetVecs 
*          0    00000000    0000003c     
                  00000000    0000003c     rtos_pem4f.oem4f (.resetVecs)

.bss       0    20000360    0000b3a6     UNINITIALIZED
                  20000360    00002e00     rtos_pem4f.oem4f (.bss:taskStackSection)
                  20003160    00002108     main.obj (.bss:kiss_fft_cfg_buffer$2)
                  20005268    00002000     main.obj (.bss:in$3)
                  20007268    00002000     main.obj (.bss:out$4)
                  20009268    00001000     (.common:gADCBuffer)
                  2000a268    00000800     (.common:fft_local)
                  2000aa68    00000400     (.common:ti_sysbios_heaps_HeapMem_Instance_State_0_buf__A)
                  2000ae68    00000360     (.common:ti_sysbios_family_arm_m3_Hwi_dispatchTable)
                  2000b1c8    00000140     (.common:ti_sysbios_knl_Mailbox_Instance_State_0_allocBuf__A)
                  2000b308    00000120     rtsv7M4_T_le_v4SPD16_eabi.lib : trgmsg.c.obj (.bss:_CIOBUF_)
                  2000b428    00000100     (.common:ADC_local)
                  2000b528    00000100     (.common:scaledWave)
                  2000b628    00000080     (.common:xdc_runtime_SysMin_Module_State_0_outbuf__A)
                  2000b6a8    0000002c     (.common:sContext)
                  2000b6d4    00000014     buttons.obj (.bss:state$1)
                  2000b6e8    00000008     (.common:parmbuf)
                  2000b6f0    00000004     (.common:gADCErrors)
                  2000b6f4    00000004     (.common:gADCSamplingRate)
                  2000b6f8    00000004     (.common:g_psGrLibDefaults)
                  2000b6fc    00000002     (.common:Lcd_ScreenHeigth)
                  2000b6fe    00000002     (.common:Lcd_ScreenWidth)
                  2000b700    00000002     (.common:Lcd_TouchTrim)
                  2000b702    00000001     (.common:Lcd_FlagRead)
                  2000b703    00000001     (.common:Lcd_FontSolid)
                  2000b704    00000001     (.common:Lcd_Orientation)
                  2000b705    00000001     (.common:Lcd_PenSolid)

.data      0    2000b708    00008698     UNINITIALIZED
                  2000b708    00008000     Crystalfontz128x128_ST7735.obj (.data:Lcd_buffer)
                  20013708    000001c8     rtos_pem4f.oem4f (.data:ti_sysbios_knl_Task_Object__table__V)
                  200138d0    00000080     rtos_pem4f.oem4f (.data:ti_sysbios_knl_Swi_Module_State_0_readyQ__A)
                  20013950    00000080     rtos_pem4f.oem4f (.data:ti_sysbios_knl_Task_Module_State_0_readyQ__A)
                  200139d0    00000050     rtos_pem4f.oem4f (.data:ti_sysbios_knl_Mailbox_Object__table__V)
                  20013a20    00000050     rtos_pem4f.oem4f (.data:ti_sysbios_knl_Semaphore_Object__table__V)
                  20013a70    00000044     rtos_pem4f.oem4f (.data:ti_sysbios_knl_Task_Module__state__V)
                  20013ab4    00000040     rtos_pem4f.oem4f (.data:ti_sysbios_family_arm_lm4_Timer_Module_State_0_device__A)
                  20013af4    00000040     rtos_pem4f.oem4f (.data:ti_sysbios_family_arm_lm4_Timer_Object__table__V)
                  20013b34    00000038     rtos_pem4f.oem4f (.data:ti_sysbios_gates_GateMutex_Object__table__V)
                  20013b6c    00000034     rtos_pem4f.oem4f (.data:ti_sysbios_family_arm_m3_Hwi_Module__state__V)
                  20013ba0    00000030     rtos_pem4f.oem4f (.data:ti_sysbios_family_arm_m3_Hwi_Object__table__V)
                  20013bd0    00000030     rtos_pem4f.oem4f (.data:ti_sysbios_knl_Swi_Object__table__V)
                  20013c00    0000002c     rtos_pem4f.oem4f (.data:ti_sysbios_knl_Clock_Module__state__V)
                  20013c2c    00000024     buttons.obj (.data:count$2)
                  20013c50    00000024     rtos_pem4f.oem4f (.data:ti_sysbios_BIOS_Module__state__V)
                  20013c74    00000020     rtos_pem4f.oem4f (.data:ti_sysbios_family_arm_lm4_Timer_Module_State_0_handles__A)
                  20013c94    00000020     rtos_pem4f.oem4f (.data:ti_sysbios_knl_Clock_Object__table__V)
                  20013cb4    0000001c     rtos_pem4f.oem4f (.data:ti_sysbios_knl_Swi_Module__state__V)
                  20013cd0    00000018     rtos_pem4f.oem4f (.data:ti_sysbios_heaps_HeapMem_Object__table__V)
                  20013ce8    00000010     main.obj (.data)
                  20013cf8    0000000c     rtos_pem4f.oem4f (.data:ti_sysbios_family_arm_lm4_Timer_Module__state__V)
                  20013d04    0000000c     rtos_pem4f.oem4f (.data:xdc_runtime_SysMin_Module__state__V)
                  20013d10    00000008     rtsv7M4_T_le_v4SPD16_eabi.lib : _lock.c.obj (.data:$O1$$)
                  20013d18    00000008     buttons.obj (.data:gJoystick)
                  20013d20    00000008     main.obj (.data:slope)
                  20013d28    00000008     rtos_pem4f.oem4f (.data:ti_sysbios_family_arm_lm4_TimestampProvider_Module__state__V)
                  20013d30    00000008     rtos_pem4f.oem4f (.data:ti_sysbios_gates_GateHwi_Module__root__V)
                  20013d38    00000008     rtos_pem4f.oem4f (.data:ti_sysbios_gates_GateMutex_Module__root__V)
                  20013d40    00000008     rtos_pem4f.oem4f (.data:ti_sysbios_heaps_HeapMem_Module__root__V)
                  20013d48    00000008     rtos_pem4f.oem4f (.data:ti_sysbios_knl_Queue_Module__root__V)
                  20013d50    00000008     rtos_pem4f.oem4f (.data:ti_sysbios_knl_Semaphore_Module__root__V)
                  20013d58    00000008     rtos_pem4f.oem4f (.data:xdc_runtime_Registry_Module__state__V)
                  20013d60    00000008     rtos_pem4f.oem4f (.data:xdc_runtime_Startup_Module__state__V)
                  20013d68    00000008     rtos_pem4f.oem4f (.data:xdc_runtime_System_Module_State_0_atexitHandlers__A)
                  20013d70    00000008     rtos_pem4f.oem4f (.data:xdc_runtime_System_Module__state__V)
                  20013d78    00000004     buttons.obj (.data)
                  20013d7c    00000004     rtsv7M4_T_le_v4SPD16_eabi.lib : errno.c.obj (.data)
                  20013d80    00000004                                   : stkdepth_vars.c.obj (.data)
                  20013d84    00000004     sampling.obj (.data)
                  20013d88    00000004     rtos_pem4f.oem4f (.data:ti_sysbios_family_arm_m3_Hwi_Module_State_0_excContext__A)
                  20013d8c    00000004     rtos_pem4f.oem4f (.data:ti_sysbios_family_arm_m3_Hwi_Module_State_0_excStack__A)
                  20013d90    00000004     rtos_pem4f.oem4f (.data:ti_sysbios_gates_GateHwi_Object__table__V)
                  20013d94    00000004     rtos_pem4f.oem4f (.data:ti_sysbios_knl_Task_Module_State_0_idleTask__A)
                  20013d98    00000004     rtos_pem4f.oem4f (.data:xdc_runtime_Memory_Module__state__V)
                  20013d9c    00000002     rtos_pem4f.oem4f (.data:ti_sysbios_family_arm_m3_Hwi_Module_State_0_excActive__A)
                  20013d9e    00000002     rtos_pem4f.oem4f (.data:xdc_runtime_Error_Module__state__V)

.stack     0    20013da0    00000300     UNINITIALIZED
                  20013da0    00000300     --HOLE--

.bootVecs 
*          0    00000000    00000008     DSECT
                  00000000    00000008     boot.aem4f : boot.oem4f (.bootVecs)

.vecs      0    20000000    00000360     UNINITIALIZED
                  20000000    00000360     rtos_pem4f.oem4f (.vecs)

xdc.meta   0    00000000    0000011b     COPY SECTION
                  00000000    0000011b     rtos_pem4f.oem4f (xdc.meta)

MODULE SUMMARY

       Module                                             code    ro data   rw data
       ------                                             ----    -------   -------
    .\
       Crystalfontz128x128_ST7735.obj                     958     40        32778  
       main.obj                                           1256    28        27468  
       sampling.obj                                       428     0         4104   
       kiss_fft.obj                                       2602    0         0      
       buttons.obj                                        900     0         72     
       HAL_EK_TM4C1294XL_Crystalfontz128x128_ST7735.obj   324     0         0      
       sysctl_pll.obj                                     72      0         0      
    +--+--------------------------------------------------+-------+---------+---------+
       Total:                                             6540    68        64422  
                                                                                   
    C:\Users\Jeffrey Huang\Documents\WPI\2019-2020\B term\ECE3849\labs\ece3849_lab2_jyhuang_rskirschner\Debug\configPkg\package\cfg\
       rtos_pem4f.oem4f                                   1546    7874      16572  
    +--+--------------------------------------------------+-------+---------+---------+
       Total:                                             1546    7874      16572  
                                                                                   
    C:/ti/tirtos_tivac_2_16_00_08/products/TivaWare_C_Series-2.1.1.71b/driverlib/ccs/Debug/driverlib.lib
       gpio.obj                                           508     144       0      
       interrupt.obj                                      172     268       0      
       adc.obj                                            362     0         0      
       ssi.obj                                            88      0         0      
       sysctl.obj                                         58      0         0      
       cpu.obj                                            24      0         0      
    +--+--------------------------------------------------+-------+---------+---------+
       Total:                                             1212    412       0      
                                                                                   
    C:/ti/tirtos_tivac_2_16_00_08/products/TivaWare_C_Series-2.1.1.71b/grlib/ccs/Debug/grlib.lib
       string.obj                                         1192    0         0      
       fontfixed6x8.obj                                   0       960       0      
       line.obj                                           648     0         0      
       rectangle.obj                                      134     0         0      
       context.obj                                        104     16        4      
       charmap.obj                                        8       0         0      
    +--+--------------------------------------------------+-------+---------+---------+
       Total:                                             2086    976       4      
                                                                                   
    C:\Users\Jeffrey Huang\Documents\WPI\2019-2020\B term\ECE3849\labs\ece3849_lab2_jyhuang_rskirschner\src\sysbios\sysbios.aem4f
       BIOS.obj                                           10604   0         0      
       m3_Hwi_asm.obj                                     314     0         0      
       m3_TaskSupport_asm.obj                             180     0         0      
       m3_Hwi_asm_switch.obj                              118     0         0      
    +--+--------------------------------------------------+-------+---------+---------+
       Total:                                             11216   0         0      
                                                                                   
    C:\ti\ccs910\ccs\tools\compiler\ti-cgt-arm_18.12.2.LTS\lib\rtsv7M4_T_le_v4SPD16_eabi.lib
       _printfi.c.obj                                     4851    0         0      
       k_rem_pio2.c.obj                                   1848    344       0      
       s_cos.c.obj                                        1500    0         0      
       s_sin.c.obj                                        1476    0         0      
       fd_add_t2.asm.obj                                  438     0         0      
       trgmsg.c.obj                                       108     0         288    
[...]
0000c7a0  _ctypes_                                                             
0000c8a2  ti_sysbios_family_arm_lm4_TimestampProvider_Module__id__C            
0000c8a4  g_sFontFixed6x8                                                      
0000c96c  xdc_runtime_Text_nodeTab__A                                          
0000ccb4  ADC                                                                  
0000ccb8  clock0                                                               
0000ccbc  Button                                                               
0000ccc0  ButtonSem                                                            
0000ccc4  ButtonBox                                                            
0000ccc8  UserInput                                                            
0000cccc  DisplaySem                                                           
0000ccd0  Display                                                              
0000ccd4  ProcessingSem                                                        
0000ccd8  Waveform                                                             
0000ccdc  Processing                                                           
0000cce0  WaveformSem                                                          
0000cce4  g_sCrystalfontz128x128                                               
0000cd0c  ti_sysbios_heaps_HeapMem_Module__FXNS__C                             
0000cd34  xdc_runtime_Startup_sfxnTab__A                                       
0000cd5c  ti_sysbios_gates_GateHwi_Module__FXNS__C                             
0000cd80  ti_sysbios_gates_GateMutex_Module__FXNS__C                           
0000cda4  ti_sysbios_heaps_HeapMem_Object__PARAMS__C                           
0000cdc8  ti_sysbios_knl_Semaphore_Object__PARAMS__C                           
0000cdec  ti_sysbios_gates_GateHwi_Object__DESC__C                             
0000ce0c  ti_sysbios_gates_GateMutex_Object__DESC__C                           
0000ce2c  ti_sysbios_heaps_HeapMem_Object__DESC__C                             
0000ce4c  ti_sysbios_knl_Queue_Object__DESC__C                                 
0000ce6c  ti_sysbios_knl_Semaphore_Object__DESC__C                             
0000ce8c  ti_sysbios_gates_GateHwi_Object__PARAMS__C                           
0000cea4  ti_sysbios_gates_GateMutex_Object__PARAMS__C                         
0000cebc  ti_sysbios_knl_Queue_Object__PARAMS__C                               
0000ced4  xdc_runtime_Startup_firstFxns__A                                     
0000ceec  xdc_runtime_Startup_sfxnRts__A                                       
0000cf00  divArray                                                             
0000cf10  g_psDefaultCodePointMapTable                                         
0000cf34  ti_sysbios_family_arm_m3_Hwi_excHookFuncs__A                         
0000cf3c  ti_sysbios_knl_Idle_funcList__C                                      
0000cf44  xdc_runtime_Startup_firstFxns__C                                     
0000cf4c  xdc_runtime_Startup_lastFxns__C                                      
0000cf54  ti_catalog_arm_cortexm4_tiva_ce_Boot_Module__diagsEnabled__C         
0000cf58  ti_catalog_arm_cortexm4_tiva_ce_Boot_Module__diagsIncluded__C        
0000cf5c  ti_catalog_arm_cortexm4_tiva_ce_Boot_Module__diagsMask__C            
0000cf60  ti_sysbios_family_arm_lm4_Timer_enableFunc__C                        
0000cf64  ti_sysbios_family_arm_lm4_Timer_numTimerDevices__C                   
0000cf68  ti_sysbios_family_arm_lm4_Timer_startupNeeded__C                     
0000cf6c  ti_sysbios_family_arm_lm4_TimestampProvider_Module__diagsEnabled__C  
0000cf70  ti_sysbios_family_arm_lm4_TimestampProvider_Module__diagsIncluded__C 
0000cf74  ti_sysbios_family_arm_lm4_TimestampProvider_Module__diagsMask__C     
0000cf78  ti_sysbios_family_arm_m3_Hwi_E_NMI__C                                
0000cf7c  ti_sysbios_family_arm_m3_Hwi_E_busFault__C                           
0000cf80  ti_sysbios_family_arm_m3_Hwi_E_debugMon__C                           
0000cf84  ti_sysbios_family_arm_m3_Hwi_E_hardFault__C                          
0000cf88  ti_sysbios_family_arm_m3_Hwi_E_memFault__C                           
0000cf8c  ti_sysbios_family_arm_m3_Hwi_E_noIsr__C                              
0000cf90  ti_sysbios_family_arm_m3_Hwi_E_reserved__C                           
0000cf94  ti_sysbios_family_arm_m3_Hwi_E_svCall__C                             
0000cf98  ti_sysbios_family_arm_m3_Hwi_E_usageFault__C                         
0000cf9c  ti_sysbios_family_arm_m3_Hwi_NUM_INTERRUPTS__C                       
0000cfa0  ti_sysbios_family_arm_m3_Hwi_Object__count__C                        
0000cfa4  ti_sysbios_family_arm_m3_Hwi_ccr__C                                  
0000cfa8  ti_sysbios_family_arm_m3_Hwi_excHandlerFunc__C                       
0000cfac  ti_sysbios_family_arm_m3_Hwi_excHookFuncs__C                         
0000cfb0  ti_sysbios_family_arm_m3_Hwi_nullIsrFunc__C                          
0000cfb4  ti_sysbios_family_arm_m3_Hwi_priGroup__C                             
0000cfb8  ti_sysbios_gates_GateMutex_A_badContext__C                           
0000cfbc  ti_sysbios_gates_GateMutex_Instance_State_sem__O                     
0000cfc0  ti_sysbios_gates_GateMutex_Module__diagsEnabled__C                   
0000cfc4  ti_sysbios_gates_GateMutex_Module__diagsIncluded__C                  
0000cfc8  ti_sysbios_gates_GateMutex_Module__diagsMask__C                      
0000cfcc  ti_sysbios_hal_Hwi_E_stackOverflow__C                                
0000cfd0  ti_sysbios_heaps_HeapMem_A_align__C                                  
0000cfd4  ti_sysbios_heaps_HeapMem_A_heapSize__C                               
0000cfd8  ti_sysbios_heaps_HeapMem_A_invalidFree__C                            
0000cfdc  ti_sysbios_heaps_HeapMem_A_zeroBlock__C                              
0000cfe0  ti_sysbios_heaps_HeapMem_E_memory__C                                 
0000cfe4  ti_sysbios_heaps_HeapMem_Module__diagsEnabled__C                     
0000cfe8  ti_sysbios_heaps_HeapMem_Module__diagsIncluded__C                    
0000cfec  ti_sysbios_heaps_HeapMem_Module__diagsMask__C                        
0000cff0  ti_sysbios_heaps_HeapMem_Module__gateObj__C                          
0000cff4  ti_sysbios_heaps_HeapMem_Object__count__C                            
0000cff8  ti_sysbios_heaps_HeapMem_reqAlign__C                                 
0000cffc  ti_sysbios_knl_Clock_Module_State_clockQ__O                          
0000d000  ti_sysbios_knl_Idle_funcList__A                                      
0000d004  ti_sysbios_knl_Mailbox_Instance_State_dataQue__O                     
0000d008  ti_sysbios_knl_Mailbox_Instance_State_dataSem__O                     
0000d00c  ti_sysbios_knl_Mailbox_Instance_State_freeQue__O                     
0000d010  ti_sysbios_knl_Mailbox_Instance_State_freeSem__O                     
0000d014  ti_sysbios_knl_Mailbox_Object__count__C                              
0000d018  ti_sysbios_knl_Mailbox_maxTypeAlign__C                               
0000d01c  ti_sysbios_knl_Semaphore_A_badContext__C                             
0000d020  ti_sysbios_knl_Semaphore_A_noEvents__C                               
0000d024  ti_sysbios_knl_Semaphore_A_overflow__C                               
0000d028  ti_sysbios_knl_Semaphore_A_pendTaskDisabled__C                       
0000d02c  ti_sysbios_knl_Semaphore_Instance_State_pendQ__O                     
0000d030  ti_sysbios_knl_Semaphore_Module__diagsEnabled__C                     
0000d034  ti_sysbios_knl_Semaphore_Module__diagsIncluded__C                    
0000d038  ti_sysbios_knl_Semaphore_Module__diagsMask__C                        
0000d03c  ti_sysbios_knl_Swi_Object__count__C                                  
0000d040  ti_sysbios_knl_Task_E_spOutOfBounds__C                               
0000d044  ti_sysbios_knl_Task_E_stackOverflow__C                               
0000d048  ti_sysbios_knl_Task_Module_State_inactiveQ__O                        
0000d04c  ti_sysbios_knl_Task_Object__count__C                                 
0000d050  ti_sysbios_knl_Task_allBlockedFunc__C                                
0000d054  ti_sysbios_knl_Task_numConstructedTasks__C                           
0000d058  xdc_runtime_Assert_E_assertFailed__C                                 
0000d05c  xdc_runtime_Core_A_initializedParams__C                              
0000d060  xdc_runtime_Core_Module__diagsEnabled__C                             
0000d064  xdc_runtime_Core_Module__diagsIncluded__C                            
0000d068  xdc_runtime_Core_Module__diagsMask__C                                
0000d06c  xdc_runtime_Error_E_memory__C                                        
0000d070  xdc_runtime_Error_Module__diagsEnabled__C                            
0000d074  xdc_runtime_Error_Module__diagsIncluded__C                           
0000d078  xdc_runtime_Error_Module__diagsMask__C                               
0000d07c  xdc_runtime_Error_Module__loggerFxn8__C                              
0000d080  xdc_runtime_Error_Module__loggerObj__C                               
0000d084  xdc_runtime_Error_policyFxn__C                                       
0000d088  xdc_runtime_Error_raiseHook__C                                       
0000d08c  xdc_runtime_IGateProvider_Interface__BASE__C                         
0000d090  xdc_runtime_IHeap_Interface__BASE__C                                 
0000d094  xdc_runtime_IModule_Interface__BASE__C                               
0000d098  xdc_runtime_Log_L_error__C                                           
0000d09c  xdc_runtime_Memory_defaultHeapInstance__C                            
0000d0a0  xdc_runtime_Startup_execImpl__C                                      
0000d0a4  xdc_runtime_Startup_maxPasses__C                                     
0000d0a8  xdc_runtime_Startup_sfxnRts__C                                       
0000d0ac  xdc_runtime_Startup_sfxnTab__C                                       
0000d0b0  xdc_runtime_SysMin_bufSize__C                                        
0000d0b4  xdc_runtime_SysMin_outputFunc__C                                     
0000d0b8  xdc_runtime_System_Module__gateObj__C                                
0000d0bc  xdc_runtime_System_abortFxn__C                                       
0000d0c0  xdc_runtime_System_exitFxn__C                                        
0000d0c4  xdc_runtime_System_extendFxn__C                                      
0000d0c8  xdc_runtime_System_maxAtexitHandlers__C                              
0000d0cc  xdc_runtime_Text_charTab__C                                          
0000d0d0  xdc_runtime_Text_nameEmpty__C                                        
0000d0d4  xdc_runtime_Text_nameStatic__C                                       
0000d0d8  xdc_runtime_Text_nameUnknown__C                                      
0000d0dc  xdc_runtime_Text_nodeTab__C                                          
0000d0e0  xdc_runtime_Text_visitRopeFxn__C                                     
0000d0e4  ti_sysbios_family_arm_lm4_TimestampProvider_useClockTimer__C         
0000d0e6  ti_sysbios_family_arm_m3_Hwi_Module__id__C                           
0000d0e8  ti_sysbios_gates_GateMutex_Module__id__C                             
0000d0ea  ti_sysbios_hal_Hwi_Module__id__C                                     
0000d0ec  ti_sysbios_heaps_HeapMem_Module__id__C                               
0000d0ee  ti_sysbios_knl_Semaphore_Module__id__C                               
0000d0f0  ti_sysbios_knl_Task_Module__id__C                                    
0000d0f2  xdc_runtime_Core_Module__id__C                                       
0000d0f4  xdc_runtime_Error_Module__loggerDefined__C                           
0000d0f6  xdc_runtime_Error_maxDepth__C                                        
0000d0f8  xdc_runtime_Memory_Module__id__C                                     
0000d0fa  xdc_runtime_SysMin_flushAtExit__C                                    
0000d0fc  xdc_runtime_Text_charCnt__C                                          
0000d0fe  xdc_runtime_Text_isLoaded__C                                         
0000d100  xdc_runtime_Text_registryModsLastId__C                               
0000d102  xdc_runtime_Text_unnamedModsLastId__C                                
0000d108  __TI_static_base__                                                   
0000d3a4  __TI_Handler_Table_Base                                              
0000d3b0  __TI_Handler_Table_Limit                                             
0000d3c0  __TI_CINIT_Base                                                      
0000d3d8  __TI_CINIT_Limit                                                     
20000000  ti_sysbios_family_arm_m3_Hwi_ramVectors                              
20000360  ti_sysbios_knl_Task_Instance_State_0_stack__A                        
20000b60  ti_sysbios_knl_Task_Instance_State_1_stack__A                        
20000f60  ti_sysbios_knl_Task_Instance_State_2_stack__A                        
20001f60  ti_sysbios_knl_Task_Instance_State_3_stack__A                        
20002760  ti_sysbios_knl_Task_Instance_State_4_stack__A                        
20002f60  ti_sysbios_knl_Task_Instance_State_5_stack__A                        
20009268  gADCBuffer                                                           
2000a268  fft_local                                                            
2000aa68  ti_sysbios_heaps_HeapMem_Instance_State_0_buf__A                     
2000ae68  ti_sysbios_family_arm_m3_Hwi_dispatchTable                           
2000b1c8  ti_sysbios_knl_Mailbox_Instance_State_0_allocBuf__A                  
2000b308  __CIOBUF_                                                            
2000b428  ADC_local                                                            
2000b528  scaledWave                                                           
2000b628  xdc_runtime_SysMin_Module_State_0_outbuf__A                          
2000b6a8  sContext                                                             
2000b6e8  parmbuf                                                              
2000b6f0  gADCErrors                                                           
2000b6f4  gADCSamplingRate                                                     
2000b6fc  Lcd_ScreenHeigth                                                     
2000b6fe  Lcd_ScreenWidth                                                      
2000b700  Lcd_TouchTrim                                                        
2000b702  Lcd_FlagRead                                                         
2000b703  Lcd_FontSolid                                                        
2000b704  Lcd_Orientation                                                      
2000b705  Lcd_PenSolid                                                         
2000b708  Lcd_buffer                                                           
20013708  ti_sysbios_knl_Task_Object__table__V                                 
200138d0  ti_sysbios_knl_Swi_Module_State_0_readyQ__A                          
20013950  ti_sysbios_knl_Task_Module_State_0_readyQ__A                         
200139d0  ti_sysbios_knl_Mailbox_Object__table__V                              
20013a20  ti_sysbios_knl_Semaphore_Object__table__V                            
20013a70  ti_sysbios_knl_Task_Module__state__V                                 
20013ab4  ti_sysbios_family_arm_lm4_Timer_Module_State_0_device__A             
20013af4  ti_sysbios_family_arm_lm4_Timer_Object__table__V                     
20013b34  ti_sysbios_gates_GateMutex_Object__table__V                          
20013b6c  ti_sysbios_family_arm_m3_Hwi_Module__state__V                        
20013ba0  ti_sysbios_family_arm_m3_Hwi_Object__table__V                        
20013bd0  ti_sysbios_knl_Swi_Object__table__V                                  
20013c00  ti_sysbios_knl_Clock_Module__state__V                                
20013c50  ti_sysbios_BIOS_Module__state__V                                     
20013c74  ti_sysbios_family_arm_lm4_Timer_Module_State_0_handles__A            
20013c94  ti_sysbios_knl_Clock_Object__table__V                                
20013cb4  ti_sysbios_knl_Swi_Module__state__V                                  
20013cd0  ti_sysbios_heaps_HeapMem_Object__table__V                            
20013ce8  gSystemClock                                                         
20013cec  trigger                                                              
20013cf0  divNumber                                                            
20013cf4  triggerDir                                                           
20013cf6  mode                                                                 
20013cf8  ti_sysbios_family_arm_lm4_Timer_Module__state__V                     
20013d04  xdc_runtime_SysMin_Module__state__V                                  
20013d10  _lock                                                                
20013d14  _unlock                                                              
20013d18  gJoystick                                                            
20013d20  slope                                                                
20013d28  ti_sysbios_family_arm_lm4_TimestampProvider_Module__state__V         
20013d30  ti_sysbios_gates_GateHwi_Module__root__V                             
20013d38  ti_sysbios_gates_GateMutex_Module__root__V                           
20013d40  ti_sysbios_heaps_HeapMem_Module__root__V                             
20013d48  ti_sysbios_knl_Queue_Module__root__V                                 
20013d50  ti_sysbios_knl_Semaphore_Module__root__V                             
20013d58  xdc_runtime_Registry_Module__state__V                                
20013d60  xdc_runtime_Startup_Module__state__V                                 
20013d68  xdc_runtime_System_Module_State_0_atexitHandlers__A                  
20013d70  xdc_runtime_System_Module__state__V                                  
20013d78  gButtons                                                             
20013d7c  errno                                                                
20013d80  main_func_sp                                                         
20013d84  gADCBufferIndex                                                      
20013d88  ti_sysbios_family_arm_m3_Hwi_Module_State_0_excContext__A            
20013d8c  ti_sysbios_family_arm_m3_Hwi_Module_State_0_excStack__A              
20013d90  ti_sysbios_gates_GateHwi_Object__table__V                            
20013d94  ti_sysbios_knl_Task_Module_State_0_idleTask__A                       
20013d98  xdc_runtime_Memory_Module__state__V                                  
20013d9c  ti_sysbios_family_arm_m3_Hwi_Module_State_0_excActive__A             
20013d9e  xdc_runtime_Error_Module__state__V                                   
20013da0  __stack                                                              
200140a0  __STACK_END                                                          
e000e000  ti_sysbios_family_arm_m3_Hwi_nvic                                    
ffffffff  __TI_pprof_out_hndl                                                  
ffffffff  __TI_prof_data_size                                                  
ffffffff  __TI_prof_data_start                                                 
ffffffff  __binit__                                                            
ffffffff  __c_args__                                                           
ffffffff  binit                                                                
UNDEFED   SHT$$INIT_ARRAY$$Base                                                
UNDEFED   SHT$$INIT_ARRAY$$Limit                                               

[670 symbols]
